Archive member included to satisfy reference by file (symbol)

C:/Toolchain/arm-gnu-toolchain-14.2.rel1-mingw-w64-i686-arm-none-eabi/bin/../lib/gcc/arm-none-eabi/14.2.1/thumb/v7-m/nofp\libc_nano.a(libc_a-exit.o)
                              C:/Toolchain/arm-gnu-toolchain-14.2.rel1-mingw-w64-i686-arm-none-eabi/bin/../lib/gcc/arm-none-eabi/14.2.1/thumb/v7-m/nofp/crt0.o (exit)
C:/Toolchain/arm-gnu-toolchain-14.2.rel1-mingw-w64-i686-arm-none-eabi/bin/../lib/gcc/arm-none-eabi/14.2.1/thumb/v7-m/nofp\libc_nano.a(libc_a-findfp.o)
                              C:/Toolchain/arm-gnu-toolchain-14.2.rel1-mingw-w64-i686-arm-none-eabi/bin/../lib/gcc/arm-none-eabi/14.2.1/thumb/v7-m/nofp\libc_nano.a(libc_a-exit.o) (__stdio_exit_handler)
C:/Toolchain/arm-gnu-toolchain-14.2.rel1-mingw-w64-i686-arm-none-eabi/bin/../lib/gcc/arm-none-eabi/14.2.1/thumb/v7-m/nofp\libc_nano.a(libc_a-fwalk.o)
                              C:/Toolchain/arm-gnu-toolchain-14.2.rel1-mingw-w64-i686-arm-none-eabi/bin/../lib/gcc/arm-none-eabi/14.2.1/thumb/v7-m/nofp\libc_nano.a(libc_a-findfp.o) (_fwalk_sglue)
C:/Toolchain/arm-gnu-toolchain-14.2.rel1-mingw-w64-i686-arm-none-eabi/bin/../lib/gcc/arm-none-eabi/14.2.1/thumb/v7-m/nofp\libc_nano.a(libc_a-stdio.o)
                              C:/Toolchain/arm-gnu-toolchain-14.2.rel1-mingw-w64-i686-arm-none-eabi/bin/../lib/gcc/arm-none-eabi/14.2.1/thumb/v7-m/nofp\libc_nano.a(libc_a-findfp.o) (__sread)
C:/Toolchain/arm-gnu-toolchain-14.2.rel1-mingw-w64-i686-arm-none-eabi/bin/../lib/gcc/arm-none-eabi/14.2.1/thumb/v7-m/nofp\libc_nano.a(libc_a-memset.o)
                              C:/Toolchain/arm-gnu-toolchain-14.2.rel1-mingw-w64-i686-arm-none-eabi/bin/../lib/gcc/arm-none-eabi/14.2.1/thumb/v7-m/nofp/crt0.o (memset)
C:/Toolchain/arm-gnu-toolchain-14.2.rel1-mingw-w64-i686-arm-none-eabi/bin/../lib/gcc/arm-none-eabi/14.2.1/thumb/v7-m/nofp\libc_nano.a(libc_a-closer.o)
                              C:/Toolchain/arm-gnu-toolchain-14.2.rel1-mingw-w64-i686-arm-none-eabi/bin/../lib/gcc/arm-none-eabi/14.2.1/thumb/v7-m/nofp\libc_nano.a(libc_a-stdio.o) (_close_r)
C:/Toolchain/arm-gnu-toolchain-14.2.rel1-mingw-w64-i686-arm-none-eabi/bin/../lib/gcc/arm-none-eabi/14.2.1/thumb/v7-m/nofp\libc_nano.a(libc_a-reent.o)
                              C:/Toolchain/arm-gnu-toolchain-14.2.rel1-mingw-w64-i686-arm-none-eabi/bin/../lib/gcc/arm-none-eabi/14.2.1/thumb/v7-m/nofp\libc_nano.a(libc_a-closer.o) (errno)
C:/Toolchain/arm-gnu-toolchain-14.2.rel1-mingw-w64-i686-arm-none-eabi/bin/../lib/gcc/arm-none-eabi/14.2.1/thumb/v7-m/nofp\libc_nano.a(libc_a-impure.o)
                              C:/Toolchain/arm-gnu-toolchain-14.2.rel1-mingw-w64-i686-arm-none-eabi/bin/../lib/gcc/arm-none-eabi/14.2.1/thumb/v7-m/nofp\libc_nano.a(libc_a-reent.o) (_impure_ptr)
C:/Toolchain/arm-gnu-toolchain-14.2.rel1-mingw-w64-i686-arm-none-eabi/bin/../lib/gcc/arm-none-eabi/14.2.1/thumb/v7-m/nofp\libc_nano.a(libc_a-lseekr.o)
                              C:/Toolchain/arm-gnu-toolchain-14.2.rel1-mingw-w64-i686-arm-none-eabi/bin/../lib/gcc/arm-none-eabi/14.2.1/thumb/v7-m/nofp\libc_nano.a(libc_a-stdio.o) (_lseek_r)
C:/Toolchain/arm-gnu-toolchain-14.2.rel1-mingw-w64-i686-arm-none-eabi/bin/../lib/gcc/arm-none-eabi/14.2.1/thumb/v7-m/nofp\libc_nano.a(libc_a-readr.o)
                              C:/Toolchain/arm-gnu-toolchain-14.2.rel1-mingw-w64-i686-arm-none-eabi/bin/../lib/gcc/arm-none-eabi/14.2.1/thumb/v7-m/nofp\libc_nano.a(libc_a-stdio.o) (_read_r)
C:/Toolchain/arm-gnu-toolchain-14.2.rel1-mingw-w64-i686-arm-none-eabi/bin/../lib/gcc/arm-none-eabi/14.2.1/thumb/v7-m/nofp\libc_nano.a(libc_a-writer.o)
                              C:/Toolchain/arm-gnu-toolchain-14.2.rel1-mingw-w64-i686-arm-none-eabi/bin/../lib/gcc/arm-none-eabi/14.2.1/thumb/v7-m/nofp\libc_nano.a(libc_a-stdio.o) (_write_r)
C:/Toolchain/arm-gnu-toolchain-14.2.rel1-mingw-w64-i686-arm-none-eabi/bin/../lib/gcc/arm-none-eabi/14.2.1/thumb/v7-m/nofp\libc_nano.a(libc_a-init.o)
                              C:/Toolchain/arm-gnu-toolchain-14.2.rel1-mingw-w64-i686-arm-none-eabi/bin/../lib/gcc/arm-none-eabi/14.2.1/thumb/v7-m/nofp/crt0.o (__libc_init_array)
C:/Toolchain/arm-gnu-toolchain-14.2.rel1-mingw-w64-i686-arm-none-eabi/bin/../lib/gcc/arm-none-eabi/14.2.1/thumb/v7-m/nofp\libc_nano.a(libc_a-lock.o)
                              C:/Toolchain/arm-gnu-toolchain-14.2.rel1-mingw-w64-i686-arm-none-eabi/bin/../lib/gcc/arm-none-eabi/14.2.1/thumb/v7-m/nofp\libc_nano.a(libc_a-findfp.o) (__retarget_lock_init_recursive)
C:/Toolchain/arm-gnu-toolchain-14.2.rel1-mingw-w64-i686-arm-none-eabi/bin/../lib/gcc/arm-none-eabi/14.2.1/thumb/v7-m/nofp\libc_nano.a(libc_a-freer.o)
                              C:/Toolchain/arm-gnu-toolchain-14.2.rel1-mingw-w64-i686-arm-none-eabi/bin/../lib/gcc/arm-none-eabi/14.2.1/thumb/v7-m/nofp\libc_nano.a(libc_a-reent.o) (_free_r)
C:/Toolchain/arm-gnu-toolchain-14.2.rel1-mingw-w64-i686-arm-none-eabi/bin/../lib/gcc/arm-none-eabi/14.2.1/thumb/v7-m/nofp\libc_nano.a(libc_a-mallocr.o)
[...]
Memory Configuration

Name             Origin             Length             Attributes
RAM              0x20000000         0x00005000         xrw
FLASH            0x08000000         0x00010000         xr
*default*        0x00000000         0xffffffff

Linker script and memory map

LOAD C:/Toolchain/arm-gnu-toolchain-14.2.rel1-mingw-w64-i686-arm-none-eabi/bin/../lib/gcc/arm-none-eabi/14.2.1/thumb/v7-m/nofp/crti.o
LOAD C:/Toolchain/arm-gnu-toolchain-14.2.rel1-mingw-w64-i686-arm-none-eabi/bin/../lib/gcc/arm-none-eabi/14.2.1/thumb/v7-m/nofp/crtbegin.o
LOAD C:/Toolchain/arm-gnu-toolchain-14.2.rel1-mingw-w64-i686-arm-none-eabi/bin/../lib/gcc/arm-none-eabi/14.2.1/thumb/v7-m/nofp/crt0.o
START GROUP
LOAD C:/Toolchain/arm-gnu-toolchain-14.2.rel1-mingw-w64-i686-arm-none-eabi/bin/../lib/gcc/arm-none-eabi/14.2.1/thumb/v7-m/nofp\libc_nano.a
LOAD C:/Toolchain/arm-gnu-toolchain-14.2.rel1-mingw-w64-i686-arm-none-eabi/bin/../lib/gcc/arm-none-eabi/14.2.1/thumb/v7-m/nofp\libm.a
END GROUP
LOAD cmake/stm32cubemx/CMakeFiles/STM32_Drivers.dir/__/__/Core/Src/system_stm32f1xx.c.obj
LOAD cmake/stm32cubemx/CMakeFiles/STM32_Drivers.dir/__/__/Drivers/STM32F1xx_HAL_Driver/Src/stm32f1xx_hal_gpio_ex.c.obj
LOAD cmake/stm32cubemx/CMakeFiles/STM32_Drivers.dir/__/__/Drivers/STM32F1xx_HAL_Driver/Src/stm32f1xx_hal_spi.c.obj
LOAD cmake/stm32cubemx/CMakeFiles/STM32_Drivers.dir/__/__/Drivers/STM32F1xx_HAL_Driver/Src/stm32f1xx_hal.c.obj
LOAD cmake/stm32cubemx/CMakeFiles/STM32_Drivers.dir/__/__/Drivers/STM32F1xx_HAL_Driver/Src/stm32f1xx_hal_rcc.c.obj
LOAD cmake/stm32cubemx/CMakeFiles/STM32_Drivers.dir/__/__/Drivers/STM32F1xx_HAL_Driver/Src/stm32f1xx_hal_rcc_ex.c.obj
LOAD cmake/stm32cubemx/CMakeFiles/STM32_Drivers.dir/__/__/Drivers/STM32F1xx_HAL_Driver/Src/stm32f1xx_hal_gpio.c.obj
LOAD cmake/stm32cubemx/CMakeFiles/STM32_Drivers.dir/__/__/Drivers/STM32F1xx_HAL_Driver/Src/stm32f1xx_hal_dma.c.obj
LOAD cmake/stm32cubemx/CMakeFiles/STM32_Drivers.dir/__/__/Drivers/STM32F1xx_HAL_Driver/Src/stm32f1xx_hal_cortex.c.obj
LOAD cmake/stm32cubemx/CMakeFiles/STM32_Drivers.dir/__/__/Drivers/STM32F1xx_HAL_Driver/Src/stm32f1xx_hal_pwr.c.obj
LOAD cmake/stm32cubemx/CMakeFiles/STM32_Drivers.dir/__/__/Drivers/STM32F1xx_HAL_Driver/Src/stm32f1xx_hal_flash.c.obj
LOAD cmake/stm32cubemx/CMakeFiles/STM32_Drivers.dir/__/__/Drivers/STM32F1xx_HAL_Driver/Src/stm32f1xx_hal_flash_ex.c.obj
LOAD cmake/stm32cubemx/CMakeFiles/STM32_Drivers.dir/__/__/Drivers/STM32F1xx_HAL_Driver/Src/stm32f1xx_hal_exti.c.obj
LOAD cmake/stm32cubemx/CMakeFiles/STM32_Drivers.dir/__/__/Drivers/STM32F1xx_HAL_Driver/Src/stm32f1xx_hal_tim.c.obj
LOAD cmake/stm32cubemx/CMakeFiles/STM32_Drivers.dir/__/__/Drivers/STM32F1xx_HAL_Driver/Src/stm32f1xx_hal_tim_ex.c.obj
LOAD cmake/stm32cubemx/CMakeFiles/STM32_Drivers.dir/__/__/Drivers/STM32F1xx_HAL_Driver/Src/stm32f1xx_hal_uart.c.obj
LOAD CMakeFiles/f1_cubemx_test.dir/Core/Src/main.c.obj
LOAD CMakeFiles/f1_cubemx_test.dir/Core/Src/gpio.c.obj
LOAD CMakeFiles/f1_cubemx_test.dir/Core/Src/dma.c.obj
LOAD CMakeFiles/f1_cubemx_test.dir/Core/Src/spi.c.obj
LOAD CMakeFiles/f1_cubemx_test.dir/Core/Src/tim.c.obj
LOAD CMakeFiles/f1_cubemx_test.dir/Core/Src/usart.c.obj
LOAD CMakeFiles/f1_cubemx_test.dir/Core/Src/stm32f1xx_it.c.obj
LOAD CMakeFiles/f1_cubemx_test.dir/Core/Src/stm32f1xx_hal_msp.c.obj
LOAD CMakeFiles/f1_cubemx_test.dir/Core/Src/sysmem.c.obj
LOAD CMakeFiles/f1_cubemx_test.dir/Core/Src/syscalls.c.obj
LOAD CMakeFiles/f1_cubemx_test.dir/startup_stm32f103xb.s.obj
LOAD CMakeFiles/f1_cubemx_test.dir/ssd1306/ssd1306_fonts.c.obj
LOAD CMakeFiles/f1_cubemx_test.dir/ssd1306/ssd1306.c.obj
LOAD CMakeFiles/f1_cubemx_test.dir/ws2812/ws2812.c.obj
START GROUP
LOAD C:/Toolchain/arm-gnu-toolchain-14.2.rel1-mingw-w64-i686-arm-none-eabi/bin/../lib/gcc/arm-none-eabi/14.2.1/thumb/v7-m/nofp\libgcc.a
LOAD C:/Toolchain/arm-gnu-toolchain-14.2.rel1-mingw-w64-i686-arm-none-eabi/bin/../lib/gcc/arm-none-eabi/14.2.1/thumb/v7-m/nofp\libg_nano.a
LOAD C:/Toolchain/arm-gnu-toolchain-14.2.rel1-mingw-w64-i686-arm-none-eabi/bin/../lib/gcc/arm-none-eabi/14.2.1/thumb/v7-m/nofp\libc_nano.a
END GROUP
START GROUP
LOAD C:/Toolchain/arm-gnu-toolchain-14.2.rel1-mingw-w64-i686-arm-none-eabi/bin/../lib/gcc/arm-none-eabi/14.2.1/thumb/v7-m/nofp\libgcc.a
LOAD C:/Toolchain/arm-gnu-toolchain-14.2.rel1-mingw-w64-i686-arm-none-eabi/bin/../lib/gcc/arm-none-eabi/14.2.1/thumb/v7-m/nofp\libc_nano.a
END GROUP
LOAD C:/Toolchain/arm-gnu-toolchain-14.2.rel1-mingw-w64-i686-arm-none-eabi/bin/../lib/gcc/arm-none-eabi/14.2.1/thumb/v7-m/nofp/crtend.o
LOAD C:/Toolchain/arm-gnu-toolchain-14.2.rel1-mingw-w64-i686-arm-none-eabi/bin/../lib/gcc/arm-none-eabi/14.2.1/thumb/v7-m/nofp/crtn.o
                0x20005000                        _estack = (ORIGIN (RAM) + LENGTH (RAM))
                0x00000200                        _Min_Heap_Size = 0x200
                0x00000400                        _Min_Stack_Size = 0x400

.isr_vector     0x08000000      0x10c
                0x08000000                        . = ALIGN (0x4)
 *(.isr_vector)
 .isr_vector    0x08000000      0x10c CMakeFiles/f1_cubemx_test.dir/startup_stm32f103xb.s.obj
                0x08000000                g_pfnVectors
                0x0800010c                        . = ALIGN (0x4)

.text           0x0800010c     0x46cc
                0x0800010c                        . = ALIGN (0x4)
 *(.text)
 .text          0x0800010c      0x378 C:/Toolchain/arm-gnu-toolchain-14.2.rel1-mingw-w64-i686-arm-none-eabi/bin/../lib/gcc/arm-none-eabi/14.2.1/thumb/v7-m/nofp\libgcc.a(_arm_addsubdf3.o)
                0x0800010c                __aeabi_drsub
                0x08000114                __aeabi_dsub
                0x08000114                __subdf3
                0x08000118                __aeabi_dadd
                0x08000118                __adddf3
                0x08000390                __floatunsidf
                0x08000390                __aeabi_ui2d
                0x080003b0                __floatsidf
                0x080003b0                __aeabi_i2d
                0x080003d4                __aeabi_f2d
                0x080003d4                __extendsfdf2
                0x08000418                __floatundidf
                0x08000418                __aeabi_ul2d
                0x08000428                __floatdidf
                0x08000428                __aeabi_l2d
 .text          0x08000484       0xa0 C:/Toolchain/arm-gnu-toolchain-14.2.rel1-mingw-w64-i686-arm-none-eabi/bin/../lib/gcc/arm-none-eabi/14.2.1/thumb/v7-m/nofp\libgcc.a(_arm_truncdfsf2.o)
                0x08000484                __truncdfsf2
                0x08000484                __aeabi_d2f
 .text          0x08000524      0x21c C:/Toolchain/arm-gnu-toolchain-14.2.rel1-mingw-w64-i686-arm-none-eabi/bin/../lib/gcc/arm-none-eabi/14.2.1/thumb/v7-m/nofp\libgcc.a(_arm_addsubsf3.o)
                0x08000524                __aeabi_frsub
                0x0800052c                __subsf3
                0x0800052c                __aeabi_fsub
                0x08000530                __aeabi_fadd
                0x08000530                __addsf3
                0x08000690                __aeabi_ui2f
                0x08000690                __floatunsisf
                0x08000698                __aeabi_i2f
                0x08000698                __floatsisf
                0x080006b4                __aeabi_ul2f
                0x080006b4                __floatundisf
                0x080006c4                __aeabi_l2f
                0x080006c4                __floatdisf
 .text          0x08000740      0x2a0 C:/Toolchain/arm-gnu-toolchain-14.2.rel1-mingw-w64-i686-arm-none-eabi/bin/../lib/gcc/arm-none-eabi/14.2.1/thumb/v7-m/nofp\libgcc.a(_arm_muldivsf3.o)
                0x08000740                __mulsf3
                0x08000740                __aeabi_fmul
                0x080008a8                __aeabi_fdiv
                0x080008a8                __divsf3
 .text          0x080009e0       0xec C:/Toolchain/arm-gnu-toolchain-14.2.rel1-mingw-w64-i686-arm-none-eabi/bin/../lib/gcc/arm-none-eabi/14.2.1/thumb/v7-m/nofp\libgcc.a(_arm_cmpsf2.o)
                0x080009e0                __gesf2
                0x080009e0                __gtsf2
                0x080009e8                __lesf2
                0x080009e8                __ltsf2
                0x080009f0                __nesf2
                0x080009f0                __eqsf2
                0x080009f0                __cmpsf2
                0x08000a50                __aeabi_cfrcmple
                0x08000a58                __aeabi_cfcmpeq
                0x08000a58                __aeabi_cfcmple
                0x08000a68                __aeabi_fcmpeq
                0x08000a7c                __aeabi_fcmplt
                0x08000a90                __aeabi_fcmple
                0x08000aa4                __aeabi_fcmpge
                0x08000ab8                __aeabi_fcmpgt
 .text          0x08000acc      0x424 C:/Toolchain/arm-gnu-toolchain-14.2.rel1-mingw-w64-i686-arm-none-eabi/bin/../lib/gcc/arm-none-eabi/14.2.1/thumb/v7-m/nofp\libgcc.a(_arm_muldivdf3.o)
                0x08000acc                __aeabi_dmul
                0x08000acc                __muldf3
                0x08000d20                __divdf3
                0x08000d20                __aeabi_ddiv
 .text          0x08000ef0      0x110 C:/Toolchain/arm-gnu-toolchain-14.2.rel1-mingw-w64-i686-arm-none-eabi/bin/../lib/gcc/arm-none-eabi/14.2.1/thumb/v7-m/nofp\libgcc.a(_arm_cmpdf2.o)
                0x08000ef0                __gtdf2
                0x08000ef0                __gedf2
                0x08000ef8                __ltdf2
                0x08000ef8                __ledf2
                0x08000f00                __nedf2
                0x08000f00                __eqdf2
                0x08000f00                __cmpdf2
                0x08000f7c                __aeabi_cdrcmple
                0x08000f8c                __aeabi_cdcmpeq
                0x08000f8c                __aeabi_cdcmple
                0x08000f9c                __aeabi_dcmpeq
                0x08000fb0                __aeabi_dcmplt
                0x08000fc4                __aeabi_dcmple
                0x08000fd8                __aeabi_dcmpge
                0x08000fec                __aeabi_dcmpgt
 .text          0x08001000       0x2c C:/Toolchain/arm-gnu-toolchain-14.2.rel1-mingw-w64-i686-arm-none-eabi/bin/../lib/gcc/arm-none-eabi/14.2.1/thumb/v7-m/nofp\libgcc.a(_arm_unorddf2.o)
                0x08001000                __unorddf2
                0x08001000                __aeabi_dcmpun
 *(.text*)
 .text.deregister_tm_clones
                0x0800102c       0x1c C:/Toolchain/arm-gnu-toolchain-14.2.rel1-mingw-w64-i686-arm-none-eabi/bin/../lib/gcc/arm-none-eabi/14.2.1/thumb/v7-m/nofp/crtbegin.o
 .text.register_tm_clones
                0x08001048       0x24 C:/Toolchain/arm-gnu-toolchain-14.2.rel1-mingw-w64-i686-arm-none-eabi/bin/../lib/gcc/arm-none-eabi/14.2.1/thumb/v7-m/nofp/crtbegin.o
 .text.__do_global_dtors_aux
                0x0800106c       0x28 C:/Toolchain/arm-gnu-toolchain-14.2.rel1-mingw-w64-i686-arm-none-eabi/bin/../lib/gcc/arm-none-eabi/14.2.1/thumb/v7-m/nofp/crtbegin.o
 .text.frame_dummy
                0x08001094       0x24 C:/Toolchain/arm-gnu-toolchain-14.2.rel1-mingw-w64-i686-arm-none-eabi/bin/../lib/gcc/arm-none-eabi/14.2.1/thumb/v7-m/nofp/crtbegin.o
 .text.memset   0x080010b8       0x10 C:/Toolchain/arm-gnu-toolchain-14.2.rel1-mingw-w64-i686-arm-none-eabi/bin/../lib/gcc/arm-none-eabi/14.2.1/thumb/v7-m/nofp\libc_nano.a(libc_a-memset.o)
                0x080010b8                memset
 .text.__libc_init_array
                0x080010c8       0x48 C:/Toolchain/arm-gnu-toolchain-14.2.rel1-mingw-w64-i686-arm-none-eabi/bin/../lib/gcc/arm-none-eabi/14.2.1/thumb/v7-m/nofp\libc_nano.a(libc_a-init.o)
                0x080010c8                __libc_init_array
 .text.SystemInit
                0x08001110        0xc cmake/stm32cubemx/CMakeFiles/STM32_Drivers.dir/__/__/Core/Src/system_stm32f1xx.c.obj
                0x08001110                SystemInit
 .text.HAL_SPI_Init
                0x0800111c      0x108 cmake/stm32cubemx/CMakeFiles/STM32_Drivers.dir/__/__/Drivers/STM32F1xx_HAL_Driver/Src/stm32f1xx_hal_spi.c.obj
                0x0800111c                HAL_SPI_Init
 .text.HAL_SPI_Transmit
                0x08001224      0x288 cmake/stm32cubemx/CMakeFiles/STM32_Drivers.dir/__/__/Drivers/STM32F1xx_HAL_Driver/Src/stm32f1xx_hal_spi.c.obj
                0x08001224                HAL_SPI_Transmit
 .text.SPI_WaitFlagStateUntilTimeout
                0x080014ac      0x110 cmake/stm32cubemx/CMakeFiles/STM32_Drivers.dir/__/__/Drivers/STM32F1xx_HAL_Driver/Src/stm32f1xx_hal_spi.c.obj
 .text.SPI_EndRxTxTransaction
                0x080015bc       0x62 cmake/stm32cubemx/CMakeFiles/STM32_Drivers.dir/__/__/Drivers/STM32F1xx_HAL_Driver/Src/stm32f1xx_hal_spi.c.obj
 *fill*         0x0800161e        0x2 
 .text.HAL_Init
                0x08001620       0x2c cmake/stm32cubemx/CMakeFiles/STM32_Drivers.dir/__/__/Drivers/STM32F1xx_HAL_Driver/Src/stm32f1xx_hal.c.obj
                0x08001620                HAL_Init
 .text.HAL_InitTick
                0x0800164c       0x60 cmake/stm32cubemx/CMakeFiles/STM32_Drivers.dir/__/__/Drivers/STM32F1xx_HAL_Driver/Src/stm32f1xx_hal.c.obj
                0x0800164c                HAL_InitTick
 .text.HAL_IncTick
                0x080016ac       0x24 cmake/stm32cubemx/CMakeFiles/STM32_Drivers.dir/__/__/Drivers/STM32F1xx_HAL_Driver/Src/stm32f1xx_hal.c.obj
                0x080016ac                HAL_IncTick
 .text.HAL_GetTick
                0x080016d0       0x14 cmake/stm32cubemx/CMakeFiles/STM32_Drivers.dir/__/__/Drivers/STM32F1xx_HAL_Driver/Src/stm32f1xx_hal.c.obj
                0x080016d0                HAL_GetTick
 .text.HAL_Delay
                0x080016e4       0x48 cmake/stm32cubemx/CMakeFiles/STM32_Drivers.dir/__/__/Drivers/STM32F1xx_HAL_Driver/Src/stm32f1xx_hal.c.obj
                0x080016e4                HAL_Delay
 .text.HAL_RCC_OscConfig
                0x0800172c      0x504 cmake/stm32cubemx/CMakeFiles/STM32_Drivers.dir/__/__/Drivers/STM32F1xx_HAL_Driver/Src/stm32f1xx_hal_rcc.c.obj
                0x0800172c                HAL_RCC_OscConfig
 .text.HAL_RCC_ClockConfig
                0x08001c30      0x1d4 cmake/stm32cubemx/CMakeFiles/STM32_Drivers.dir/__/__/Drivers/STM32F1xx_HAL_Driver/Src/stm32f1xx_hal_rcc.c.obj
                0x08001c30                HAL_RCC_ClockConfig
 .text.HAL_RCC_GetSysClockFreq
                0x08001e04       0xa8 cmake/stm32cubemx/CMakeFiles/STM32_Drivers.dir/__/__/Drivers/STM32F1xx_HAL_Driver/Src/stm32f1xx_hal_rcc.c.obj
                0x08001e04                HAL_RCC_GetSysClockFreq
 .text.HAL_RCC_GetHCLKFreq
                0x08001eac       0x14 cmake/stm32cubemx/CMakeFiles/STM32_Drivers.dir/__/__/Drivers/STM32F1xx_HAL_Driver/Src/stm32f1xx_hal_rcc.c.obj
                0x08001eac                HAL_RCC_GetHCLKFreq
 .text.HAL_RCC_GetPCLK1Freq
                0x08001ec0       0x28 cmake/stm32cubemx/CMakeFiles/STM32_Drivers.dir/__/__/Drivers/STM32F1xx_HAL_Driver/Src/stm32f1xx_hal_rcc.c.obj
                0x08001ec0                HAL_RCC_GetPCLK1Freq
 .text.HAL_RCC_GetPCLK2Freq
                0x08001ee8       0x28 cmake/stm32cubemx/CMakeFiles/STM32_Drivers.dir/__/__/Drivers/STM32F1xx_HAL_Driver/Src/stm32f1xx_hal_rcc.c.obj
                0x08001ee8                HAL_RCC_GetPCLK2Freq
 .text.RCC_Delay
                0x08001f10       0x3c cmake/stm32cubemx/CMakeFiles/STM32_Drivers.dir/__/__/Drivers/STM32F1xx_HAL_Driver/Src/stm32f1xx_hal_rcc.c.obj
 .text.HAL_GPIO_Init
                0x08001f4c      0x308 cmake/stm32cubemx/CMakeFiles/STM32_Drivers.dir/__/__/Drivers/STM32F1xx_HAL_Driver/Src/stm32f1xx_hal_gpio.c.obj
                0x08001f4c                HAL_GPIO_Init
 .text.HAL_GPIO_WritePin
                0x08002254       0x30 cmake/stm32cubemx/CMakeFiles/STM32_Drivers.dir/__/__/Drivers/STM32F1xx_HAL_Driver/Src/stm32f1xx_hal_gpio.c.obj
                0x08002254                HAL_GPIO_WritePin
 .text.HAL_DMA_Init
                0x08002284       0xb4 cmake/stm32cubemx/CMakeFiles/STM32_Drivers.dir/__/__/Drivers/STM32F1xx_HAL_Driver/Src/stm32f1xx_hal_dma.c.obj
                0x08002284                HAL_DMA_Init
 .text.HAL_DMA_Start_IT
                0x08002338       0xc0 cmake/stm32cubemx/CMakeFiles/STM32_Drivers.dir/__/__/Drivers/STM32F1xx_HAL_Driver/Src/stm32f1xx_hal_dma.c.obj
                0x08002338                HAL_DMA_Start_IT
 .text.HAL_DMA_IRQHandler
                0x080023f8      0x20c cmake/stm32cubemx/CMakeFiles/STM32_Drivers.dir/__/__/Drivers/STM32F1xx_HAL_Driver/Src/stm32f1xx_hal_dma.c.obj
                0x080023f8                HAL_DMA_IRQHandler
 .text.DMA_SetConfig
                0x08002604       0x5a cmake/stm32cubemx/CMakeFiles/STM32_Drivers.dir/__/__/Drivers/STM32F1xx_HAL_Driver/Src/stm32f1xx_hal_dma.c.obj
 *fill*         0x0800265e        0x2 
 .text.__NVIC_SetPriorityGrouping
                0x08002660       0x48 cmake/stm32cubemx/CMakeFiles/STM32_Drivers.dir/__/__/Drivers/STM32F1xx_HAL_Driver/Src/stm32f1xx_hal_cortex.c.obj
 .text.__NVIC_GetPriorityGrouping
                0x080026a8       0x1c cmake/stm32cubemx/CMakeFiles/STM32_Drivers.dir/__/__/Drivers/STM32F1xx_HAL_Driver/Src/stm32f1xx_hal_cortex.c.obj
 .text.__NVIC_EnableIRQ
                0x080026c4       0x38 cmake/stm32cubemx/CMakeFiles/STM32_Drivers.dir/__/__/Drivers/STM32F1xx_HAL_Driver/Src/stm32f1xx_hal_cortex.c.obj
 .text.__NVIC_SetPriority
                0x080026fc       0x54 cmake/stm32cubemx/CMakeFiles/STM32_Drivers.dir/__/__/Drivers/STM32F1xx_HAL_Driver/Src/stm32f1xx_hal_cortex.c.obj
 .text.NVIC_EncodePriority
                0x08002750       0x64 cmake/stm32cubemx/CMakeFiles/STM32_Drivers.dir/__/__/Drivers/STM32F1xx_HAL_Driver/Src/stm32f1xx_hal_cortex.c.obj
 .text.SysTick_Config
                0x080027b4       0x44 cmake/stm32cubemx/CMakeFiles/STM32_Drivers.dir/__/__/Drivers/STM32F1xx_HAL_Driver/Src/stm32f1xx_hal_cortex.c.obj
 .text.HAL_NVIC_SetPriorityGrouping
                0x080027f8       0x16 cmake/stm32cubemx/CMakeFiles/STM32_Drivers.dir/__/__/Drivers/STM32F1xx_HAL_Driver/Src/stm32f1xx_hal_cortex.c.obj
                0x080027f8                HAL_NVIC_SetPriorityGrouping
 .text.HAL_NVIC_SetPriority
                0x0800280e       0x38 cmake/stm32cubemx/CMakeFiles/STM32_Drivers.dir/__/__/Drivers/STM32F1xx_HAL_Driver/Src/stm32f1xx_hal_cortex.c.obj
                0x0800280e                HAL_NVIC_SetPriority
 .text.HAL_NVIC_EnableIRQ
                0x08002846       0x1c cmake/stm32cubemx/CMakeFiles/STM32_Drivers.dir/__/__/Drivers/STM32F1xx_HAL_Driver/Src/stm32f1xx_hal_cortex.c.obj
                0x08002846                HAL_NVIC_EnableIRQ
 .text.HAL_SYSTICK_Config
                0x08002862       0x18 cmake/stm32cubemx/CMakeFiles/STM32_Drivers.dir/__/__/Drivers/STM32F1xx_HAL_Driver/Src/stm32f1xx_hal_cortex.c.obj
                0x08002862                HAL_SYSTICK_Config
 .text.HAL_TIM_PWM_Init
                0x0800287a       0x9e cmake/stm32cubemx/CMakeFiles/STM32_Drivers.dir/__/__/Drivers/STM32F1xx_HAL_Driver/Src/stm32f1xx_hal_tim.c.obj
                0x0800287a                HAL_TIM_PWM_Init
 .text.HAL_TIM_PWM_Start_DMA
                0x08002918      0x344 cmake/stm32cubemx/CMakeFiles/STM32_Drivers.dir/__/__/Drivers/STM32F1xx_HAL_Driver/Src/stm32f1xx_hal_tim.c.obj
                0x08002918                HAL_TIM_PWM_Start_DMA
 .text.HAL_TIM_PWM_ConfigChannel
                0x08002c5c      0x184 cmake/stm32cubemx/CMakeFiles/STM32_Drivers.dir/__/__/Drivers/STM32F1xx_HAL_Driver/Src/stm32f1xx_hal_tim.c.obj
                0x08002c5c                HAL_TIM_PWM_ConfigChannel
 .text.HAL_TIM_PWM_PulseFinishedCallback
                0x08002de0       0x12 cmake/stm32cubemx/CMakeFiles/STM32_Drivers.dir/__/__/Drivers/STM32F1xx_HAL_Driver/Src/stm32f1xx_hal_tim.c.obj
                0x08002de0                HAL_TIM_PWM_PulseFinishedCallback
 .text.HAL_TIM_PWM_PulseFinishedHalfCpltCallback
                0x08002df2       0x12 cmake/stm32cubemx/CMakeFiles/STM32_Drivers.dir/__/__/Drivers/STM32F1xx_HAL_Driver/Src/stm32f1xx_hal_tim.c.obj
                0x08002df2                HAL_TIM_PWM_PulseFinishedHalfCpltCallback
 .text.HAL_TIM_ErrorCallback
                0x08002e04       0x12 cmake/stm32cubemx/CMakeFiles/STM32_Drivers.dir/__/__/Drivers/STM32F1xx_HAL_Driver/Src/stm32f1xx_hal_tim.c.obj
                0x08002e04                HAL_TIM_ErrorCallback
 .text.TIM_DMAError
                0x08002e16       0x92 cmake/stm32cubemx/CMakeFiles/STM32_Drivers.dir/__/__/Drivers/STM32F1xx_HAL_Driver/Src/stm32f1xx_hal_tim.c.obj
                0x08002e16                TIM_DMAError
 .text.TIM_DMADelayPulseCplt
                0x08002ea8       0xa8 cmake/stm32cubemx/CMakeFiles/STM32_Drivers.dir/__/__/Drivers/STM32F1xx_HAL_Driver/Src/stm32f1xx_hal_tim.c.obj
 .text.TIM_DMADelayPulseHalfCplt
                0x08002f50       0x68 cmake/stm32cubemx/CMakeFiles/STM32_Drivers.dir/__/__/Drivers/STM32F1xx_HAL_Driver/Src/stm32f1xx_hal_tim.c.obj
                0x08002f50                TIM_DMADelayPulseHalfCplt
 .text.TIM_Base_SetConfig
                0x08002fb8       0xdc cmake/stm32cubemx/CMakeFiles/STM32_Drivers.dir/__/__/Drivers/STM32F1xx_HAL_Driver/Src/stm32f1xx_hal_tim.c.obj
                0x08002fb8                TIM_Base_SetConfig
 .text.TIM_OC1_SetConfig
                0x08003094       0xcc cmake/stm32cubemx/CMakeFiles/STM32_Drivers.dir/__/__/Drivers/STM32F1xx_HAL_Driver/Src/stm32f1xx_hal_tim.c.obj
 .text.TIM_OC2_SetConfig
                0x08003160       0xd4 cmake/stm32cubemx/CMakeFiles/STM32_Drivers.dir/__/__/Drivers/STM32F1xx_HAL_Driver/Src/stm32f1xx_hal_tim.c.obj
                0x08003160                TIM_OC2_SetConfig
 .text.TIM_OC3_SetConfig
                0x08003234       0xd4 cmake/stm32cubemx/CMakeFiles/STM32_Drivers.dir/__/__/Drivers/STM32F1xx_HAL_Driver/Src/stm32f1xx_hal_tim.c.obj
 .text.TIM_OC4_SetConfig
                0x08003308       0x9c cmake/stm32cubemx/CMakeFiles/STM32_Drivers.dir/__/__/Drivers/STM32F1xx_HAL_Driver/Src/stm32f1xx_hal_tim.c.obj
 .text.TIM_CCxChannelCmd
                0x080033a4       0x48 cmake/stm32cubemx/CMakeFiles/STM32_Drivers.dir/__/__/Drivers/STM32F1xx_HAL_Driver/Src/stm32f1xx_hal_tim.c.obj
                0x080033a4                TIM_CCxChannelCmd
 .text.HAL_TIMEx_MasterConfigSynchronization
                0x080033ec       0xbc cmake/stm32cubemx/CMakeFiles/STM32_Drivers.dir/__/__/Drivers/STM32F1xx_HAL_Driver/Src/stm32f1xx_hal_tim_ex.c.obj
                0x080033ec                HAL_TIMEx_MasterConfigSynchronization
 .text.HAL_UART_Init
                0x080034a8       0xa0 cmake/stm32cubemx/CMakeFiles/STM32_Drivers.dir/__/__/Drivers/STM32F1xx_HAL_Driver/Src/stm32f1xx_hal_uart.c.obj
                0x080034a8                HAL_UART_Init
 .text.UART_SetConfig
                0x08003548      0x11c cmake/stm32cubemx/CMakeFiles/STM32_Drivers.dir/__/__/Drivers/STM32F1xx_HAL_Driver/Src/stm32f1xx_hal_uart.c.obj
 .text.triangle_wave
                0x08003664       0xe4 CMakeFiles/f1_cubemx_test.dir/Core/Src/main.c.obj
                0x08003664                triangle_wave
 .text.main     0x08003748       0x94 CMakeFiles/f1_cubemx_test.dir/Core/Src/main.c.obj
                0x08003748                main
 .text.SystemClock_Config
                0x080037dc       0x8a CMakeFiles/f1_cubemx_test.dir/Core/Src/main.c.obj
                0x080037dc                SystemClock_Config
 .text.Error_Handler
                0x08003866        0xc CMakeFiles/f1_cubemx_test.dir/Core/Src/main.c.obj
                0x08003866                Error_Handler
 *fill*         0x08003872        0x2 
 .text.MX_GPIO_Init
                0x08003874       0xf8 CMakeFiles/f1_cubemx_test.dir/Core/Src/gpio.c.obj
                0x08003874                MX_GPIO_Init
 .text.MX_DMA_Init
                0x0800396c       0x4c CMakeFiles/f1_cubemx_test.dir/Core/Src/dma.c.obj
                0x0800396c                MX_DMA_Init
 .text.MX_SPI1_Init
                0x080039b8       0x70 CMakeFiles/f1_cubemx_test.dir/Core/Src/spi.c.obj
                0x080039b8                MX_SPI1_Init
 .text.HAL_SPI_MspInit
                0x08003a28       0x7c CMakeFiles/f1_cubemx_test.dir/Core/Src/spi.c.obj
                0x08003a28                HAL_SPI_MspInit
 .text.MX_TIM3_Init
                0x08003aa4       0xc8 CMakeFiles/f1_cubemx_test.dir/Core/Src/tim.c.obj
                0x08003aa4                MX_TIM3_Init
 .text.HAL_TIM_PWM_MspInit
                0x08003b6c       0xf8 CMakeFiles/f1_cubemx_test.dir/Core/Src/tim.c.obj
                0x08003b6c                HAL_TIM_PWM_MspInit
 .text.HAL_TIM_MspPostInit
                0x08003c64       0x64 CMakeFiles/f1_cubemx_test.dir/Core/Src/tim.c.obj
                0x08003c64                HAL_TIM_MspPostInit
 .text.MX_USART1_UART_Init
                0x08003cc8       0x54 CMakeFiles/f1_cubemx_test.dir/Core/Src/usart.c.obj
                0x08003cc8                MX_USART1_UART_Init
 .text.HAL_UART_MspInit
                0x08003d1c       0x98 CMakeFiles/f1_cubemx_test.dir/Core/Src/usart.c.obj
                0x08003d1c                HAL_UART_MspInit
 .text.NMI_Handler
                0x08003db4        0x8 CMakeFiles/f1_cubemx_test.dir/Core/Src/stm32f1xx_it.c.obj
                0x08003db4                NMI_Handler
 .text.HardFault_Handler
                0x08003dbc        0x8 CMakeFiles/f1_cubemx_test.dir/Core/Src/stm32f1xx_it.c.obj
                0x08003dbc                HardFault_Handler
 .text.MemManage_Handler
                0x08003dc4        0x8 CMakeFiles/f1_cubemx_test.dir/Core/Src/stm32f1xx_it.c.obj
                0x08003dc4                MemManage_Handler
 .text.BusFault_Handler
                0x08003dcc        0x8 CMakeFiles/f1_cubemx_test.dir/Core/Src/stm32f1xx_it.c.obj
                0x08003dcc                BusFault_Handler
 .text.UsageFault_Handler
                0x08003dd4        0x8 CMakeFiles/f1_cubemx_test.dir/Core/Src/stm32f1xx_it.c.obj
                0x08003dd4                UsageFault_Handler
 .text.SVC_Handler
                0x08003ddc        0xc CMakeFiles/f1_cubemx_test.dir/Core/Src/stm32f1xx_it.c.obj
                0x08003ddc                SVC_Handler
 .text.DebugMon_Handler
                0x08003de8        0xc CMakeFiles/f1_cubemx_test.dir/Core/Src/stm32f1xx_it.c.obj
                0x08003de8                DebugMon_Handler
 .text.PendSV_Handler
                0x08003df4        0xc CMakeFiles/f1_cubemx_test.dir/Core/Src/stm32f1xx_it.c.obj
                0x08003df4                PendSV_Handler
 .text.SysTick_Handler
                0x08003e00        0xc CMakeFiles/f1_cubemx_test.dir/Core/Src/stm32f1xx_it.c.obj
                0x08003e00                SysTick_Handler
 .text.DMA1_Channel2_IRQHandler
                0x08003e0c       0x14 CMakeFiles/f1_cubemx_test.dir/Core/Src/stm32f1xx_it.c.obj
                0x08003e0c                DMA1_Channel2_IRQHandler
 .text.DMA1_Channel3_IRQHandler
                0x08003e20       0x14 CMakeFiles/f1_cubemx_test.dir/Core/Src/stm32f1xx_it.c.obj
                0x08003e20                DMA1_Channel3_IRQHandler
 .text.HAL_MspInit
                0x08003e34       0x64 CMakeFiles/f1_cubemx_test.dir/Core/Src/stm32f1xx_hal_msp.c.obj
                0x08003e34                HAL_MspInit
 .text.Reset_Handler
                0x08003e98       0x48 CMakeFiles/f1_cubemx_test.dir/startup_stm32f103xb.s.obj
                0x08003e98                Reset_Handler
 .text.Default_Handler
                0x08003ee0        0x2 CMakeFiles/f1_cubemx_test.dir/startup_stm32f103xb.s.obj
                0x08003ee0                RTC_Alarm_IRQHandler
                0x08003ee0                EXTI2_IRQHandler
                0x08003ee0                TIM1_CC_IRQHandler
                0x08003ee0                PVD_IRQHandler
                0x08003ee0                EXTI3_IRQHandler
                0x08003ee0                EXTI0_IRQHandler
                0x08003ee0                I2C2_EV_IRQHandler
                0x08003ee0                ADC1_2_IRQHandler
                0x08003ee0                SPI1_IRQHandler
                0x08003ee0                TAMPER_IRQHandler
                0x08003ee0                DMA1_Channel4_IRQHandler
                0x08003ee0                USART3_IRQHandler
                0x08003ee0                RTC_IRQHandler
                0x08003ee0                DMA1_Channel7_IRQHandler
                0x08003ee0                CAN1_RX1_IRQHandler
                0x08003ee0                TIM4_IRQHandler
                0x08003ee0                I2C1_EV_IRQHandler
                0x08003ee0                DMA1_Channel6_IRQHandler
                0x08003ee0                TIM3_IRQHandler
                0x08003ee0                RCC_IRQHandler
                0x08003ee0                TIM1_TRG_COM_IRQHandler
                0x08003ee0                DMA1_Channel1_IRQHandler
                0x08003ee0                Default_Handler
                0x08003ee0                EXTI15_10_IRQHandler
                0x08003ee0                EXTI9_5_IRQHandler
                0x08003ee0                SPI2_IRQHandler
                0x08003ee0                DMA1_Channel5_IRQHandler
                0x08003ee0                EXTI4_IRQHandler
                0x08003ee0                USB_LP_CAN1_RX0_IRQHandler
                0x08003ee0                USB_HP_CAN1_TX_IRQHandler
                0x08003ee0                TIM1_UP_IRQHandler
                0x08003ee0                WWDG_IRQHandler
                0x08003ee0                TIM2_IRQHandler
                0x08003ee0                TIM1_BRK_IRQHandler
                0x08003ee0                EXTI1_IRQHandler
                0x08003ee0                USART2_IRQHandler
                0x08003ee0                I2C2_ER_IRQHandler
                0x08003ee0                CAN1_SCE_IRQHandler
                0x08003ee0                FLASH_IRQHandler
                0x08003ee0                USART1_IRQHandler
                0x08003ee0                I2C1_ER_IRQHandler
                0x08003ee0                USBWakeUp_IRQHandler
 *fill*         0x08003ee2        0x2 
 .text.ssd1306_Reset
                0x08003ee4       0x38 CMakeFiles/f1_cubemx_test.dir/ssd1306/ssd1306.c.obj
                0x08003ee4                ssd1306_Reset
 .text.ssd1306_WriteCommand
                0x08003f1c       0x48 CMakeFiles/f1_cubemx_test.dir/ssd1306/ssd1306.c.obj
                0x08003f1c                ssd1306_WriteCommand
 .text.ssd1306_WriteData
                0x08003f64       0x48 CMakeFiles/f1_cubemx_test.dir/ssd1306/ssd1306.c.obj
                0x08003f64                ssd1306_WriteData
 .text.ssd1306_Init
                0x08003fac       0xd4 CMakeFiles/f1_cubemx_test.dir/ssd1306/ssd1306.c.obj
                0x08003fac                ssd1306_Init
 .text.ssd1306_Fill
                0x08004080       0x30 CMakeFiles/f1_cubemx_test.dir/ssd1306/ssd1306.c.obj
                0x08004080                ssd1306_Fill
 .text.ssd1306_UpdateScreen
                0x080040b0       0x50 CMakeFiles/f1_cubemx_test.dir/ssd1306/ssd1306.c.obj
                0x080040b0                ssd1306_UpdateScreen
 .text.ssd1306_DrawPixel
                0x08004100       0xa4 CMakeFiles/f1_cubemx_test.dir/ssd1306/ssd1306.c.obj
                0x08004100                ssd1306_DrawPixel
 .text.ssd1306_WriteChar
                0x080041a4      0x124 CMakeFiles/f1_cubemx_test.dir/ssd1306/ssd1306.c.obj
                0x080041a4                ssd1306_WriteChar
 .text.ssd1306_WriteString
                0x080042c8       0x4c CMakeFiles/f1_cubemx_test.dir/ssd1306/ssd1306.c.obj
                0x080042c8                ssd1306_WriteString
 .text.ssd1306_SetCursor
                0x08004314       0x30 CMakeFiles/f1_cubemx_test.dir/ssd1306/ssd1306.c.obj
                0x08004314                ssd1306_SetCursor
 .text.ssd1306_SetContrast
                0x08004344       0x26 CMakeFiles/f1_cubemx_test.dir/ssd1306/ssd1306.c.obj
                0x08004344                ssd1306_SetContrast
 *fill*         0x0800436a        0x2 
 .text.ssd1306_SetDisplayOn
                0x0800436c       0x3c CMakeFiles/f1_cubemx_test.dir/ssd1306/ssd1306.c.obj
                0x0800436c                ssd1306_SetDisplayOn
 .text.ws2812_update
                0x080043a8       0x28 CMakeFiles/f1_cubemx_test.dir/ws2812/ws2812.c.obj
                0x080043a8                ws2812_update
 .text.__errno  0x080043d0        0xc C:/Toolchain/arm-gnu-toolchain-14.2.rel1-mingw-w64-i686-arm-none-eabi/bin/../lib/gcc/arm-none-eabi/14.2.1/thumb/v7-m/nofp\libg_nano.a(libc_a-errno.o)
                0x080043d0                __errno
 .text.fmod     0x080043dc       0x58 C:/Toolchain/arm-gnu-toolchain-14.2.rel1-mingw-w64-i686-arm-none-eabi/bin/../lib/gcc/arm-none-eabi/14.2.1/thumb/v7-m/nofp\libm.a(libm_a-w_fmod.o)
                0x080043dc                fmod
 .text.__ieee754_fmod
                0x08004434      0x38c C:/Toolchain/arm-gnu-toolchain-14.2.rel1-mingw-w64-i686-arm-none-eabi/bin/../lib/gcc/arm-none-eabi/14.2.1/thumb/v7-m/nofp\libm.a(libm_a-e_fmod.o)
                0x08004434                __ieee754_fmod
 *(.glue_7)
 .glue_7        0x080047c0        0x0 linker stubs
 *(.glue_7t)
 .glue_7t       0x080047c0        0x0 linker stubs
 *(.eh_frame)
 .eh_frame      0x080047c0        0x0 C:/Toolchain/arm-gnu-toolchain-14.2.rel1-mingw-w64-i686-arm-none-eabi/bin/../lib/gcc/arm-none-eabi/14.2.1/thumb/v7-m/nofp/crtbegin.o
 *(.init)
 .init          0x080047c0        0x4 C:/Toolchain/arm-gnu-toolchain-14.2.rel1-mingw-w64-i686-arm-none-eabi/bin/../lib/gcc/arm-none-eabi/14.2.1/thumb/v7-m/nofp/crti.o
                0x080047c0                _init
 .init          0x080047c4        0x8 C:/Toolchain/arm-gnu-toolchain-14.2.rel1-mingw-w64-i686-arm-none-eabi/bin/../lib/gcc/arm-none-eabi/14.2.1/thumb/v7-m/nofp/crtn.o
 *(.fini)
 .fini          0x080047cc        0x4 C:/Toolchain/arm-gnu-toolchain-14.2.rel1-mingw-w64-i686-arm-none-eabi/bin/../lib/gcc/arm-none-eabi/14.2.1/thumb/v7-m/nofp/crti.o
                0x080047cc                _fini
 .fini          0x080047d0        0x8 C:/Toolchain/arm-gnu-toolchain-14.2.rel1-mingw-w64-i686-arm-none-eabi/bin/../lib/gcc/arm-none-eabi/14.2.1/thumb/v7-m/nofp/crtn.o
                0x080047d8                        . = ALIGN (0x4)
                0x080047d8                        _etext = .

.vfp11_veneer   0x080047d8        0x0
 .vfp11_veneer  0x080047d8        0x0 linker stubs

.v4_bx          0x080047d8        0x0
 .v4_bx         0x080047d8        0x0 linker stubs

.iplt           0x080047d8        0x0
 .iplt          0x080047d8        0x0 C:/Toolchain/arm-gnu-toolchain-14.2.rel1-mingw-w64-i686-arm-none-eabi/bin/../lib/gcc/arm-none-eabi/14.2.1/thumb/v7-m/nofp/crtbegin.o

.rodata         0x080047d8      0xdb0
                0x080047d8                        . = ALIGN (0x4)
 *(.rodata)
 .rodata        0x080047d8        0xc CMakeFiles/f1_cubemx_test.dir/Core/Src/main.c.obj
 *(.rodata*)
 .rodata.AHBPrescTable
                0x080047e4       0x10 cmake/stm32cubemx/CMakeFiles/STM32_Drivers.dir/__/__/Core/Src/system_stm32f1xx.c.obj
                0x080047e4                AHBPrescTable
 .rodata.APBPrescTable
                0x080047f4        0x8 cmake/stm32cubemx/CMakeFiles/STM32_Drivers.dir/__/__/Core/Src/system_stm32f1xx.c.obj
                0x080047f4                APBPrescTable
 .rodata.aPLLMULFactorTable.1
                0x080047fc       0x10 cmake/stm32cubemx/CMakeFiles/STM32_Drivers.dir/__/__/Drivers/STM32F1xx_HAL_Driver/Src/stm32f1xx_hal_rcc.c.obj
 .rodata.aPredivFactorTable.0
                0x0800480c        0x2 cmake/stm32cubemx/CMakeFiles/STM32_Drivers.dir/__/__/Drivers/STM32F1xx_HAL_Driver/Src/stm32f1xx_hal_rcc.c.obj
 *fill*         0x0800480e        0x2 
 .rodata.Font11x18
                0x08004810      0xd5c CMakeFiles/f1_cubemx_test.dir/ssd1306/ssd1306_fonts.c.obj
 .rodata.Font_11x18
                0x0800556c        0xc CMakeFiles/f1_cubemx_test.dir/ssd1306/ssd1306_fonts.c.obj
                0x0800556c                Font_11x18
 .rodata.Zero   0x08005578       0x10 C:/Toolchain/arm-gnu-toolchain-14.2.rel1-mingw-w64-i686-arm-none-eabi/bin/../lib/gcc/arm-none-eabi/14.2.1/thumb/v7-m/nofp\libm.a(libm_a-e_fmod.o)
                0x08005588                        . = ALIGN (0x4)

.ARM.extab      0x08005588        0x0
                0x08005588                        . = ALIGN (0x4)
 *(.ARM.extab* .gnu.linkonce.armextab.*)
                0x08005588                        . = ALIGN (0x4)

.ARM            0x08005588        0x0
                0x08005588                        . = ALIGN (0x4)
                0x08005588                        __exidx_start = .
 *(.ARM.exidx*)
                0x08005588                        __exidx_end = .
                0x08005588                        . = ALIGN (0x4)

.preinit_array  0x08005588        0x0
                0x08005588                        . = ALIGN (0x4)
                0x08005588                        PROVIDE (__preinit_array_start = .)
 *(.preinit_array*)
                0x08005588                        PROVIDE (__preinit_array_end = .)
                0x08005588                        . = ALIGN (0x4)

.init_array     0x08005588        0x4
                0x08005588                        . = ALIGN (0x4)
                0x08005588                        PROVIDE (__init_array_start = .)
 *(SORT_BY_NAME(.init_array.*))
 *(.init_array*)
 .init_array    0x08005588        0x4 C:/Toolchain/arm-gnu-toolchain-14.2.rel1-mingw-w64-i686-arm-none-eabi/bin/../lib/gcc/arm-none-eabi/14.2.1/thumb/v7-m/nofp/crtbegin.o
                0x0800558c                        PROVIDE (__init_array_end = .)
                0x0800558c                        . = ALIGN (0x4)

.fini_array     0x0800558c        0x4
                0x0800558c                        . = ALIGN (0x4)
                [!provide]                        PROVIDE (__fini_array_start = .)
 *(SORT_BY_NAME(.fini_array.*))
 *(.fini_array*)
 .fini_array    0x0800558c        0x4 C:/Toolchain/arm-gnu-toolchain-14.2.rel1-mingw-w64-i686-arm-none-eabi/bin/../lib/gcc/arm-none-eabi/14.2.1/thumb/v7-m/nofp/crtbegin.o
                [!provide]                        PROVIDE (__fini_array_end = .)
                0x08005590                        . = ALIGN (0x4)
                0x08005590                        _sidata = LOADADDR (.data)

.rel.dyn        0x08005590        0x0
 .rel.iplt      0x08005590        0x0 C:/Toolchain/arm-gnu-toolchain-14.2.rel1-mingw-w64-i686-arm-none-eabi/bin/../lib/gcc/arm-none-eabi/14.2.1/thumb/v7-m/nofp/crtbegin.o

.data           0x20000000       0x68 load address 0x08005590
                0x20000000                        . = ALIGN (0x4)
                0x20000000                        _sdata = .
 *(.data)
 *(.data*)
 .data._impure_ptr
                0x20000000        0x4 C:/Toolchain/arm-gnu-toolchain-14.2.rel1-mingw-w64-i686-arm-none-eabi/bin/../lib/gcc/arm-none-eabi/14.2.1/thumb/v7-m/nofp\libc_nano.a(libc_a-impure.o)
                0x20000000                _impure_ptr
 .data._impure_data
                0x20000004       0x4c C:/Toolchain/arm-gnu-toolchain-14.2.rel1-mingw-w64-i686-arm-none-eabi/bin/../lib/gcc/arm-none-eabi/14.2.1/thumb/v7-m/nofp\libc_nano.a(libc_a-impure.o)
                0x20000004                _impure_data
 .data.SystemCoreClock
                0x20000050        0x4 cmake/stm32cubemx/CMakeFiles/STM32_Drivers.dir/__/__/Core/Src/system_stm32f1xx.c.obj
                0x20000050                SystemCoreClock
 .data.uwTickPrio
                0x20000054        0x4 cmake/stm32cubemx/CMakeFiles/STM32_Drivers.dir/__/__/Drivers/STM32F1xx_HAL_Driver/Src/stm32f1xx_hal.c.obj
                0x20000054                uwTickPrio
 .data.uwTickFreq
                0x20000058        0x1 cmake/stm32cubemx/CMakeFiles/STM32_Drivers.dir/__/__/Drivers/STM32F1xx_HAL_Driver/Src/stm32f1xx_hal.c.obj
                0x20000058                uwTickFreq
 *fill*         0x20000059        0x3 
 .data.Ts       0x2000005c        0x4 CMakeFiles/f1_cubemx_test.dir/Core/Src/main.c.obj
                0x2000005c                Ts
 .data.T        0x20000060        0x4 CMakeFiles/f1_cubemx_test.dir/Core/Src/main.c.obj
                0x20000060                T
 .data.A        0x20000064        0x4 CMakeFiles/f1_cubemx_test.dir/Core/Src/main.c.obj
                0x20000064                A
 *(.RamFunc)
 *(.RamFunc*)
                0x20000068                        . = ALIGN (0x4)
                0x20000068                        _edata = .

.tm_clone_table
                0x20000068        0x0 load address 0x080055f8
 .tm_clone_table
                0x20000068        0x0 C:/Toolchain/arm-gnu-toolchain-14.2.rel1-mingw-w64-i686-arm-none-eabi/bin/../lib/gcc/arm-none-eabi/14.2.1/thumb/v7-m/nofp/crtbegin.o
 .tm_clone_table
                0x20000068        0x0 C:/Toolchain/arm-gnu-toolchain-14.2.rel1-mingw-w64-i686-arm-none-eabi/bin/../lib/gcc/arm-none-eabi/14.2.1/thumb/v7-m/nofp/crtend.o

.igot.plt       0x20000068        0x0 load address 0x080055f8
 .igot.plt      0x20000068        0x0 C:/Toolchain/arm-gnu-toolchain-14.2.rel1-mingw-w64-i686-arm-none-eabi/bin/../lib/gcc/arm-none-eabi/14.2.1/thumb/v7-m/nofp/crtbegin.o
                0x20000068                        . = ALIGN (0x4)

.bss            0x20000068      0x708 load address 0x080055f8
                0x20000068                        _sbss = .
                0x20000068                        __bss_start__ = _sbss
 *(.bss)
 *(.bss*)
 .bss.completed.1
                0x20000068        0x1 C:/Toolchain/arm-gnu-toolchain-14.2.rel1-mingw-w64-i686-arm-none-eabi/bin/../lib/gcc/arm-none-eabi/14.2.1/thumb/v7-m/nofp/crtbegin.o
 *fill*         0x20000069        0x3 
 .bss.object.0  0x2000006c       0x18 C:/Toolchain/arm-gnu-toolchain-14.2.rel1-mingw-w64-i686-arm-none-eabi/bin/../lib/gcc/arm-none-eabi/14.2.1/thumb/v7-m/nofp/crtbegin.o
 .bss.__sf      0x20000084      0x138 C:/Toolchain/arm-gnu-toolchain-14.2.rel1-mingw-w64-i686-arm-none-eabi/bin/../lib/gcc/arm-none-eabi/14.2.1/thumb/v7-m/nofp\libc_nano.a(libc_a-findfp.o)
                0x20000084                __sf
 .bss.uwTick    0x200001bc        0x4 cmake/stm32cubemx/CMakeFiles/STM32_Drivers.dir/__/__/Drivers/STM32F1xx_HAL_Driver/Src/stm32f1xx_hal.c.obj
                0x200001bc                uwTick
 .bss.t         0x200001c0        0x4 CMakeFiles/f1_cubemx_test.dir/Core/Src/main.c.obj
                0x200001c0                t
 .bss.y         0x200001c4        0x4 CMakeFiles/f1_cubemx_test.dir/Core/Src/main.c.obj
                0x200001c4                y
 .bss.hspi1     0x200001c8       0x58 CMakeFiles/f1_cubemx_test.dir/Core/Src/spi.c.obj
                0x200001c8                hspi1
 .bss.htim3     0x20000220       0x48 CMakeFiles/f1_cubemx_test.dir/Core/Src/tim.c.obj
                0x20000220                htim3
 .bss.hdma_tim3_ch3
                0x20000268       0x44 CMakeFiles/f1_cubemx_test.dir/Core/Src/tim.c.obj
                0x20000268                hdma_tim3_ch3
 .bss.hdma_tim3_ch4_up
                0x200002ac       0x44 CMakeFiles/f1_cubemx_test.dir/Core/Src/tim.c.obj
                0x200002ac                hdma_tim3_ch4_up
 .bss.huart1    0x200002f0       0x48 CMakeFiles/f1_cubemx_test.dir/Core/Src/usart.c.obj
                0x200002f0                huart1
 .bss.SSD1306_Buffer
                0x20000338      0x400 CMakeFiles/f1_cubemx_test.dir/ssd1306/ssd1306.c.obj
 .bss.SSD1306   0x20000738        0x6 CMakeFiles/f1_cubemx_test.dir/ssd1306/ssd1306.c.obj
 *fill*         0x2000073e        0x2 
 .bss.reset.2   0x20000740       0x30 CMakeFiles/f1_cubemx_test.dir/ws2812/ws2812.c.obj
 *(COMMON)
                0x20000770                        . = ALIGN (0x4)
                0x20000770                        _ebss = .
                0x20000770                        __bss_end__ = _ebss

._user_heap_stack
                0x20000770      0x600 load address 0x080055f8
                0x20000770                        . = ALIGN (0x8)
                [!provide]                        PROVIDE (end = .)
                0x20000770                        PROVIDE (_end = .)
                0x20000970                        . = (. + _Min_Heap_Size)
 *fill*         0x20000770      0x200 
                0x20000d70                        . = (. + _Min_Stack_Size)
 *fill*         0x20000970      0x400 
                0x20000d70                        . = ALIGN (0x8)

/DISCARD/
 libc.a(*)
 libm.a(*)
 libgcc.a(*)
OUTPUT(f1_cubemx_test.elf elf32-littlearm)
LOAD linker stubs
LOAD C:/Toolchain/arm-gnu-toolchain-14.2.rel1-mingw-w64-i686-arm-none-eabi/bin/../lib/gcc/arm-none-eabi/14.2.1/thumb/v7-m/nofp\libc.a
LOAD C:/Toolchain/arm-gnu-toolchain-14.2.rel1-mingw-w64-i686-arm-none-eabi/bin/../lib/gcc/arm-none-eabi/14.2.1/thumb/v7-m/nofp\libm.a
LOAD C:/Toolchain/arm-gnu-toolchain-14.2.rel1-mingw-w64-i686-arm-none-eabi/bin/../lib/gcc/arm-none-eabi/14.2.1/thumb/v7-m/nofp\libgcc.a

.ARM.attributes
                0x00000000       0x29
 .ARM.attributes
                0x00000000       0x1d C:/Toolchain/arm-gnu-toolchain-14.2.rel1-mingw-w64-i686-arm-none-eabi/bin/../lib/gcc/arm-none-eabi/14.2.1/thumb/v7-m/nofp/crti.o
 .ARM.attributes
                0x0000001d       0x2d C:/Toolchain/arm-gnu-toolchain-14.2.rel1-mingw-w64-i686-arm-none-eabi/bin/../lib/gcc/arm-none-eabi/14.2.1/thumb/v7-m/nofp/crtbegin.o
 .ARM.attributes
                0x0000004a       0x2d C:/Toolchain/arm-gnu-toolchain-14.2.rel1-mingw-w64-i686-arm-none-eabi/bin/../lib/gcc/arm-none-eabi/14.2.1/thumb/v7-m/nofp\libc_nano.a(libc_a-findfp.o)
 .ARM.attributes
                0x00000077       0x2d C:/Toolchain/arm-gnu-toolchain-14.2.rel1-mingw-w64-i686-arm-none-eabi/bin/../lib/gcc/arm-none-eabi/14.2.1/thumb/v7-m/nofp\libc_nano.a(libc_a-memset.o)
 .ARM.attributes
                0x000000a4       0x2d C:/Toolchain/arm-gnu-toolchain-14.2.rel1-mingw-w64-i686-arm-none-eabi/bin/../lib/gcc/arm-none-eabi/14.2.1/thumb/v7-m/nofp\libc_nano.a(libc_a-impure.o)
 .ARM.attributes
                0x000000d1       0x2d C:/Toolchain/arm-gnu-toolchain-14.2.rel1-mingw-w64-i686-arm-none-eabi/bin/../lib/gcc/arm-none-eabi/14.2.1/thumb/v7-m/nofp\libc_nano.a(libc_a-init.o)
 .ARM.attributes
                0x000000fe       0x2d cmake/stm32cubemx/CMakeFiles/STM32_Drivers.dir/__/__/Core/Src/system_stm32f1xx.c.obj
 .ARM.attributes
                0x0000012b       0x2d cmake/stm32cubemx/CMakeFiles/STM32_Drivers.dir/__/__/Drivers/STM32F1xx_HAL_Driver/Src/stm32f1xx_hal_spi.c.obj
 .ARM.attributes
                0x00000158       0x2d cmake/stm32cubemx/CMakeFiles/STM32_Drivers.dir/__/__/Drivers/STM32F1xx_HAL_Driver/Src/stm32f1xx_hal.c.obj
 .ARM.attributes
                0x00000185       0x2d cmake/stm32cubemx/CMakeFiles/STM32_Drivers.dir/__/__/Drivers/STM32F1xx_HAL_Driver/Src/stm32f1xx_hal_rcc.c.obj
 .ARM.attributes
                0x000001b2       0x2d cmake/stm32cubemx/CMakeFiles/STM32_Drivers.dir/__/__/Drivers/STM32F1xx_HAL_Driver/Src/stm32f1xx_hal_gpio.c.obj
 .ARM.attributes
                0x000001df       0x2d cmake/stm32cubemx/CMakeFiles/STM32_Drivers.dir/__/__/Drivers/STM32F1xx_HAL_Driver/Src/stm32f1xx_hal_dma.c.obj
 .ARM.attributes
                0x0000020c       0x2d cmake/stm32cubemx/CMakeFiles/STM32_Drivers.dir/__/__/Drivers/STM32F1xx_HAL_Driver/Src/stm32f1xx_hal_cortex.c.obj
 .ARM.attributes
                0x00000239       0x2d cmake/stm32cubemx/CMakeFiles/STM32_Drivers.dir/__/__/Drivers/STM32F1xx_HAL_Driver/Src/stm32f1xx_hal_tim.c.obj
 .ARM.attributes
                0x00000266       0x2d cmake/stm32cubemx/CMakeFiles/STM32_Drivers.dir/__/__/Drivers/STM32F1xx_HAL_Driver/Src/stm32f1xx_hal_tim_ex.c.obj
 .ARM.attributes
                0x00000293       0x2d cmake/stm32cubemx/CMakeFiles/STM32_Drivers.dir/__/__/Drivers/STM32F1xx_HAL_Driver/Src/stm32f1xx_hal_uart.c.obj
 .ARM.attributes
                0x000002c0       0x2d CMakeFiles/f1_cubemx_test.dir/Core/Src/main.c.obj
 .ARM.attributes
                0x000002ed       0x2d CMakeFiles/f1_cubemx_test.dir/Core/Src/gpio.c.obj
 .ARM.attributes
                0x0000031a       0x2d CMakeFiles/f1_cubemx_test.dir/Core/Src/dma.c.obj
 .ARM.attributes
                0x00000347       0x2d CMakeFiles/f1_cubemx_test.dir/Core/Src/spi.c.obj
 .ARM.attributes
                0x00000374       0x2d CMakeFiles/f1_cubemx_test.dir/Core/Src/tim.c.obj
 .ARM.attributes
                0x000003a1       0x2d CMakeFiles/f1_cubemx_test.dir/Core/Src/usart.c.obj
 .ARM.attributes
                0x000003ce       0x2d CMakeFiles/f1_cubemx_test.dir/Core/Src/stm32f1xx_it.c.obj
 .ARM.attributes
                0x000003fb       0x2d CMakeFiles/f1_cubemx_test.dir/Core/Src/stm32f1xx_hal_msp.c.obj
 .ARM.attributes
                0x00000428       0x21 CMakeFiles/f1_cubemx_test.dir/startup_stm32f103xb.s.obj
 .ARM.attributes
                0x00000449       0x2d CMakeFiles/f1_cubemx_test.dir/ssd1306/ssd1306_fonts.c.obj
 .ARM.attributes
                0x00000476       0x2d CMakeFiles/f1_cubemx_test.dir/ssd1306/ssd1306.c.obj
 .ARM.attributes
                0x000004a3       0x2d CMakeFiles/f1_cubemx_test.dir/ws2812/ws2812.c.obj
 .ARM.attributes
                0x000004d0       0x1d C:/Toolchain/arm-gnu-toolchain-14.2.rel1-mingw-w64-i686-arm-none-eabi/bin/../lib/gcc/arm-none-eabi/14.2.1/thumb/v7-m/nofp\libgcc.a(_arm_addsubdf3.o)
 .ARM.attributes
                0x000004ed       0x1d C:/Toolchain/arm-gnu-toolchain-14.2.rel1-mingw-w64-i686-arm-none-eabi/bin/../lib/gcc/arm-none-eabi/14.2.1/thumb/v7-m/nofp\libgcc.a(_arm_truncdfsf2.o)
 .ARM.attributes
                0x0000050a       0x1d C:/Toolchain/arm-gnu-toolchain-14.2.rel1-mingw-w64-i686-arm-none-eabi/bin/../lib/gcc/arm-none-eabi/14.2.1/thumb/v7-m/nofp\libgcc.a(_arm_addsubsf3.o)
 .ARM.attributes
                0x00000527       0x1d C:/Toolchain/arm-gnu-toolchain-14.2.rel1-mingw-w64-i686-arm-none-eabi/bin/../lib/gcc/arm-none-eabi/14.2.1/thumb/v7-m/nofp\libgcc.a(_arm_muldivsf3.o)
 .ARM.attributes
                0x00000544       0x1d C:/Toolchain/arm-gnu-toolchain-14.2.rel1-mingw-w64-i686-arm-none-eabi/bin/../lib/gcc/arm-none-eabi/14.2.1/thumb/v7-m/nofp\libgcc.a(_arm_cmpsf2.o)
 .ARM.attributes
                0x00000561       0x2d C:/Toolchain/arm-gnu-toolchain-14.2.rel1-mingw-w64-i686-arm-none-eabi/bin/../lib/gcc/arm-none-eabi/14.2.1/thumb/v7-m/nofp\libg_nano.a(libc_a-errno.o)
 .ARM.attributes
                0x0000058e       0x2d C:/Toolchain/arm-gnu-toolchain-14.2.rel1-mingw-w64-i686-arm-none-eabi/bin/../lib/gcc/arm-none-eabi/14.2.1/thumb/v7-m/nofp/crtend.o
 .ARM.attributes
                0x000005bb       0x1d C:/Toolchain/arm-gnu-toolchain-14.2.rel1-mingw-w64-i686-arm-none-eabi/bin/../lib/gcc/arm-none-eabi/14.2.1/thumb/v7-m/nofp/crtn.o

.comment        0x00000000       0x45
 .comment       0x00000000       0x45 cmake/stm32cubemx/CMakeFiles/STM32_Drivers.dir/__/__/Core/Src/system_stm32f1xx.c.obj
                                 0x46 (size before relaxing)
 .comment       0x00000045       0x46 cmake/stm32cubemx/CMakeFiles/STM32_Drivers.dir/__/__/Drivers/STM32F1xx_HAL_Driver/Src/stm32f1xx_hal_spi.c.obj
 .comment       0x00000045       0x46 cmake/stm32cubemx/CMakeFiles/STM32_Drivers.dir/__/__/Drivers/STM32F1xx_HAL_Driver/Src/stm32f1xx_hal.c.obj
 .comment       0x00000045       0x46 cmake/stm32cubemx/CMakeFiles/STM32_Drivers.dir/__/__/Drivers/STM32F1xx_HAL_Driver/Src/stm32f1xx_hal_rcc.c.obj
 .comment       0x00000045       0x46 cmake/stm32cubemx/CMakeFiles/STM32_Drivers.dir/__/__/Drivers/STM32F1xx_HAL_Driver/Src/stm32f1xx_hal_gpio.c.obj
 .comment       0x00000045       0x46 cmake/stm32cubemx/CMakeFiles/STM32_Drivers.dir/__/__/Drivers/STM32F1xx_HAL_Driver/Src/stm32f1xx_hal_dma.c.obj
 .comment       0x00000045       0x46 cmake/stm32cubemx/CMakeFiles/STM32_Drivers.dir/__/__/Drivers/STM32F1xx_HAL_Driver/Src/stm32f1xx_hal_cortex.c.obj
 .comment       0x00000045       0x46 cmake/stm32cubemx/CMakeFiles/STM32_Drivers.dir/__/__/Drivers/STM32F1xx_HAL_Driver/Src/stm32f1xx_hal_tim.c.obj
 .comment       0x00000045       0x46 cmake/stm32cubemx/CMakeFiles/STM32_Drivers.dir/__/__/Drivers/STM32F1xx_HAL_Driver/Src/stm32f1xx_hal_tim_ex.c.obj
 .comment       0x00000045       0x46 cmake/stm32cubemx/CMakeFiles/STM32_Drivers.dir/__/__/Drivers/STM32F1xx_HAL_Driver/Src/stm32f1xx_hal_uart.c.obj
 .comment       0x00000045       0x46 CMakeFiles/f1_cubemx_test.dir/Core/Src/main.c.obj
 .comment       0x00000045       0x46 CMakeFiles/f1_cubemx_test.dir/Core/Src/gpio.c.obj
 .comment       0x00000045       0x46 CMakeFiles/f1_cubemx_test.dir/Core/Src/dma.c.obj
 .comment       0x00000045       0x46 CMakeFiles/f1_cubemx_test.dir/Core/Src/spi.c.obj
 .comment       0x00000045       0x46 CMakeFiles/f1_cubemx_test.dir/Core/Src/tim.c.obj
 .comment       0x00000045       0x46 CMakeFiles/f1_cubemx_test.dir/Core/Src/usart.c.obj
 .comment       0x00000045       0x46 CMakeFiles/f1_cubemx_test.dir/Core/Src/stm32f1xx_it.c.obj
 .comment       0x00000045       0x46 CMakeFiles/f1_cubemx_test.dir/Core/Src/stm32f1xx_hal_msp.c.obj
 .comment       0x00000045       0x46 CMakeFiles/f1_cubemx_test.dir/ssd1306/ssd1306_fonts.c.obj
 .comment       0x00000045       0x46 CMakeFiles/f1_cubemx_test.dir/ssd1306/ssd1306.c.obj
 .comment       0x00000045       0x46 CMakeFiles/f1_cubemx_test.dir/ws2812/ws2812.c.obj

.debug_frame    0x00000000     0x4244
 .debug_frame   0x00000000      0x144 C:/Toolchain/arm-gnu-toolchain-14.2.rel1-mingw-w64-i686-arm-none-eabi/bin/../lib/gcc/arm-none-eabi/14.2.1/thumb/v7-m/nofp\libc_nano.a(libc_a-findfp.o)
 .debug_frame   0x00000144       0x20 C:/Toolchain/arm-gnu-toolchain-14.2.rel1-mingw-w64-i686-arm-none-eabi/bin/../lib/gcc/arm-none-eabi/14.2.1/thumb/v7-m/nofp\libc_nano.a(libc_a-memset.o)
 .debug_frame   0x00000164       0x2c C:/Toolchain/arm-gnu-toolchain-14.2.rel1-mingw-w64-i686-arm-none-eabi/bin/../lib/gcc/arm-none-eabi/14.2.1/thumb/v7-m/nofp\libc_nano.a(libc_a-init.o)
 .debug_frame   0x00000190       0x58 cmake/stm32cubemx/CMakeFiles/STM32_Drivers.dir/__/__/Core/Src/system_stm32f1xx.c.obj
 .debug_frame   0x000001e8      0x824 cmake/stm32cubemx/CMakeFiles/STM32_Drivers.dir/__/__/Drivers/STM32F1xx_HAL_Driver/Src/stm32f1xx_hal_spi.c.obj
 .debug_frame   0x00000a0c      0x334 cmake/stm32cubemx/CMakeFiles/STM32_Drivers.dir/__/__/Drivers/STM32F1xx_HAL_Driver/Src/stm32f1xx_hal.c.obj
 .debug_frame   0x00000d40      0x218 cmake/stm32cubemx/CMakeFiles/STM32_Drivers.dir/__/__/Drivers/STM32F1xx_HAL_Driver/Src/stm32f1xx_hal_rcc.c.obj
 .debug_frame   0x00000f58      0x14c cmake/stm32cubemx/CMakeFiles/STM32_Drivers.dir/__/__/Drivers/STM32F1xx_HAL_Driver/Src/stm32f1xx_hal_gpio.c.obj
 .debug_frame   0x000010a4      0x208 cmake/stm32cubemx/CMakeFiles/STM32_Drivers.dir/__/__/Drivers/STM32F1xx_HAL_Driver/Src/stm32f1xx_hal_dma.c.obj
 .debug_frame   0x000012ac      0x428 cmake/stm32cubemx/CMakeFiles/STM32_Drivers.dir/__/__/Drivers/STM32F1xx_HAL_Driver/Src/stm32f1xx_hal_cortex.c.obj
 .debug_frame   0x000016d4     0x11b8 cmake/stm32cubemx/CMakeFiles/STM32_Drivers.dir/__/__/Drivers/STM32F1xx_HAL_Driver/Src/stm32f1xx_hal_tim.c.obj
 .debug_frame   0x0000288c      0x638 cmake/stm32cubemx/CMakeFiles/STM32_Drivers.dir/__/__/Drivers/STM32F1xx_HAL_Driver/Src/stm32f1xx_hal_tim_ex.c.obj
 .debug_frame   0x00002ec4      0x944 cmake/stm32cubemx/CMakeFiles/STM32_Drivers.dir/__/__/Drivers/STM32F1xx_HAL_Driver/Src/stm32f1xx_hal_uart.c.obj
 .debug_frame   0x00003808       0x94 CMakeFiles/f1_cubemx_test.dir/Core/Src/main.c.obj
 .debug_frame   0x0000389c       0x34 CMakeFiles/f1_cubemx_test.dir/Core/Src/gpio.c.obj
 .debug_frame   0x000038d0       0x34 CMakeFiles/f1_cubemx_test.dir/Core/Src/dma.c.obj
 .debug_frame   0x00003904       0x74 CMakeFiles/f1_cubemx_test.dir/Core/Src/spi.c.obj
 .debug_frame   0x00003978       0xa0 CMakeFiles/f1_cubemx_test.dir/Core/Src/tim.c.obj
 .debug_frame   0x00003a18       0x74 CMakeFiles/f1_cubemx_test.dir/Core/Src/usart.c.obj
 .debug_frame   0x00003a8c      0x13c CMakeFiles/f1_cubemx_test.dir/Core/Src/stm32f1xx_it.c.obj
 .debug_frame   0x00003bc8       0x38 CMakeFiles/f1_cubemx_test.dir/Core/Src/stm32f1xx_hal_msp.c.obj
 .debug_frame   0x00003c00      0x3dc CMakeFiles/f1_cubemx_test.dir/ssd1306/ssd1306.c.obj
 .debug_frame   0x00003fdc       0x2c CMakeFiles/f1_cubemx_test.dir/ws2812/ws2812.c.obj
 .debug_frame   0x00004008       0xac C:/Toolchain/arm-gnu-toolchain-14.2.rel1-mingw-w64-i686-arm-none-eabi/bin/../lib/gcc/arm-none-eabi/14.2.1/thumb/v7-m/nofp\libgcc.a(_arm_addsubdf3.o)
 .debug_frame   0x000040b4       0x24 C:/Toolchain/arm-gnu-toolchain-14.2.rel1-mingw-w64-i686-arm-none-eabi/bin/../lib/gcc/arm-none-eabi/14.2.1/thumb/v7-m/nofp\libgcc.a(_arm_truncdfsf2.o)
 .debug_frame   0x000040d8       0x4c C:/Toolchain/arm-gnu-toolchain-14.2.rel1-mingw-w64-i686-arm-none-eabi/bin/../lib/gcc/arm-none-eabi/14.2.1/thumb/v7-m/nofp\libgcc.a(_arm_addsubsf3.o)
 .debug_frame   0x00004124       0x38 C:/Toolchain/arm-gnu-toolchain-14.2.rel1-mingw-w64-i686-arm-none-eabi/bin/../lib/gcc/arm-none-eabi/14.2.1/thumb/v7-m/nofp\libgcc.a(_arm_muldivsf3.o)
 .debug_frame   0x0000415c       0xc8 C:/Toolchain/arm-gnu-toolchain-14.2.rel1-mingw-w64-i686-arm-none-eabi/bin/../lib/gcc/arm-none-eabi/14.2.1/thumb/v7-m/nofp\libgcc.a(_arm_cmpsf2.o)
 .debug_frame   0x00004224       0x20 C:/Toolchain/arm-gnu-toolchain-14.2.rel1-mingw-w64-i686-arm-none-eabi/bin/../lib/gcc/arm-none-eabi/14.2.1/thumb/v7-m/nofp\libg_nano.a(libc_a-errno.o)

.debug_info     0x00000000     0xf0d4
 .debug_info    0x00000000      0x222 cmake/stm32cubemx/CMakeFiles/STM32_Drivers.dir/__/__/Core/Src/system_stm32f1xx.c.obj
 .debug_info    0x00000222     0x142d cmake/stm32cubemx/CMakeFiles/STM32_Drivers.dir/__/__/Drivers/STM32F1xx_HAL_Driver/Src/stm32f1xx_hal_spi.c.obj
 .debug_info    0x0000164f      0x704 cmake/stm32cubemx/CMakeFiles/STM32_Drivers.dir/__/__/Drivers/STM32F1xx_HAL_Driver/Src/stm32f1xx_hal.c.obj
 .debug_info    0x00001d53      0x7d5 cmake/stm32cubemx/CMakeFiles/STM32_Drivers.dir/__/__/Drivers/STM32F1xx_HAL_Driver/Src/stm32f1xx_hal_rcc.c.obj
 .debug_info    0x00002528      0x5ab cmake/stm32cubemx/CMakeFiles/STM32_Drivers.dir/__/__/Drivers/STM32F1xx_HAL_Driver/Src/stm32f1xx_hal_gpio.c.obj
 .debug_info    0x00002ad3      0x6d2 cmake/stm32cubemx/CMakeFiles/STM32_Drivers.dir/__/__/Drivers/STM32F1xx_HAL_Driver/Src/stm32f1xx_hal_dma.c.obj
 .debug_info    0x000031a5      0xa87 cmake/stm32cubemx/CMakeFiles/STM32_Drivers.dir/__/__/Drivers/STM32F1xx_HAL_Driver/Src/stm32f1xx_hal_cortex.c.obj
 .debug_info    0x00003c2c     0x2959 cmake/stm32cubemx/CMakeFiles/STM32_Drivers.dir/__/__/Drivers/STM32F1xx_HAL_Driver/Src/stm32f1xx_hal_tim.c.obj
 .debug_info    0x00006585     0x149b cmake/stm32cubemx/CMakeFiles/STM32_Drivers.dir/__/__/Drivers/STM32F1xx_HAL_Driver/Src/stm32f1xx_hal_tim_ex.c.obj
 .debug_info    0x00007a20     0x2eed cmake/stm32cubemx/CMakeFiles/STM32_Drivers.dir/__/__/Drivers/STM32F1xx_HAL_Driver/Src/stm32f1xx_hal_uart.c.obj
 .debug_info    0x0000a90d      0x760 CMakeFiles/f1_cubemx_test.dir/Core/Src/main.c.obj
 .debug_info    0x0000b06d      0x2d3 CMakeFiles/f1_cubemx_test.dir/Core/Src/gpio.c.obj
 .debug_info    0x0000b340      0x2cf CMakeFiles/f1_cubemx_test.dir/Core/Src/dma.c.obj
 .debug_info    0x0000b60f      0x7bc CMakeFiles/f1_cubemx_test.dir/Core/Src/spi.c.obj
 .debug_info    0x0000bdcb      0x9de CMakeFiles/f1_cubemx_test.dir/Core/Src/tim.c.obj
 .debug_info    0x0000c7a9      0x798 CMakeFiles/f1_cubemx_test.dir/Core/Src/usart.c.obj
 .debug_info    0x0000cf41      0x376 CMakeFiles/f1_cubemx_test.dir/Core/Src/stm32f1xx_it.c.obj
 .debug_info    0x0000d2b7      0x1f1 CMakeFiles/f1_cubemx_test.dir/Core/Src/stm32f1xx_hal_msp.c.obj
 .debug_info    0x0000d4a8       0x30 CMakeFiles/f1_cubemx_test.dir/startup_stm32f103xb.s.obj
 .debug_info    0x0000d4d8      0x2a4 CMakeFiles/f1_cubemx_test.dir/ssd1306/ssd1306_fonts.c.obj
 .debug_info    0x0000d77c     0x12a8 CMakeFiles/f1_cubemx_test.dir/ssd1306/ssd1306.c.obj
 .debug_info    0x0000ea24      0x6b0 CMakeFiles/f1_cubemx_test.dir/ws2812/ws2812.c.obj

.debug_abbrev   0x00000000     0x29d1
 .debug_abbrev  0x00000000      0x13f cmake/stm32cubemx/CMakeFiles/STM32_Drivers.dir/__/__/Core/Src/system_stm32f1xx.c.obj
 .debug_abbrev  0x0000013f      0x27a cmake/stm32cubemx/CMakeFiles/STM32_Drivers.dir/__/__/Drivers/STM32F1xx_HAL_Driver/Src/stm32f1xx_hal_spi.c.obj
 .debug_abbrev  0x000003b9      0x201 cmake/stm32cubemx/CMakeFiles/STM32_Drivers.dir/__/__/Drivers/STM32F1xx_HAL_Driver/Src/stm32f1xx_hal.c.obj
 .debug_abbrev  0x000005ba      0x2b3 cmake/stm32cubemx/CMakeFiles/STM32_Drivers.dir/__/__/Drivers/STM32F1xx_HAL_Driver/Src/stm32f1xx_hal_rcc.c.obj
 .debug_abbrev  0x0000086d      0x1ca cmake/stm32cubemx/CMakeFiles/STM32_Drivers.dir/__/__/Drivers/STM32F1xx_HAL_Driver/Src/stm32f1xx_hal_gpio.c.obj
 .debug_abbrev  0x00000a37      0x20b cmake/stm32cubemx/CMakeFiles/STM32_Drivers.dir/__/__/Drivers/STM32F1xx_HAL_Driver/Src/stm32f1xx_hal_dma.c.obj
 .debug_abbrev  0x00000c42      0x2f8 cmake/stm32cubemx/CMakeFiles/STM32_Drivers.dir/__/__/Drivers/STM32F1xx_HAL_Driver/Src/stm32f1xx_hal_cortex.c.obj
 .debug_abbrev  0x00000f3a      0x277 cmake/stm32cubemx/CMakeFiles/STM32_Drivers.dir/__/__/Drivers/STM32F1xx_HAL_Driver/Src/stm32f1xx_hal_tim.c.obj
 .debug_abbrev  0x000011b1      0x282 cmake/stm32cubemx/CMakeFiles/STM32_Drivers.dir/__/__/Drivers/STM32F1xx_HAL_Driver/Src/stm32f1xx_hal_tim_ex.c.obj
 .debug_abbrev  0x00001433      0x2f8 cmake/stm32cubemx/CMakeFiles/STM32_Drivers.dir/__/__/Drivers/STM32F1xx_HAL_Driver/Src/stm32f1xx_hal_uart.c.obj
 .debug_abbrev  0x0000172b      0x243 CMakeFiles/f1_cubemx_test.dir/Core/Src/main.c.obj
 .debug_abbrev  0x0000196e      0x13f CMakeFiles/f1_cubemx_test.dir/Core/Src/gpio.c.obj
 .debug_abbrev  0x00001aad       0xfc CMakeFiles/f1_cubemx_test.dir/Core/Src/dma.c.obj
 .debug_abbrev  0x00001ba9      0x1e7 CMakeFiles/f1_cubemx_test.dir/Core/Src/spi.c.obj
 .debug_abbrev  0x00001d90      0x229 CMakeFiles/f1_cubemx_test.dir/Core/Src/tim.c.obj
 .debug_abbrev  0x00001fb9      0x1e6 CMakeFiles/f1_cubemx_test.dir/Core/Src/usart.c.obj
 .debug_abbrev  0x0000219f      0x170 CMakeFiles/f1_cubemx_test.dir/Core/Src/stm32f1xx_it.c.obj
 .debug_abbrev  0x0000230f       0xdb CMakeFiles/f1_cubemx_test.dir/Core/Src/stm32f1xx_hal_msp.c.obj
 .debug_abbrev  0x000023ea       0x24 CMakeFiles/f1_cubemx_test.dir/startup_stm32f103xb.s.obj
 .debug_abbrev  0x0000240e       0xcf CMakeFiles/f1_cubemx_test.dir/ssd1306/ssd1306_fonts.c.obj
 .debug_abbrev  0x000024dd      0x36e CMakeFiles/f1_cubemx_test.dir/ssd1306/ssd1306.c.obj
 .debug_abbrev  0x0000284b      0x186 CMakeFiles/f1_cubemx_test.dir/ws2812/ws2812.c.obj

.debug_aranges  0x00000000      0xf68
 .debug_aranges
                0x00000000       0x28 cmake/stm32cubemx/CMakeFiles/STM32_Drivers.dir/__/__/Core/Src/system_stm32f1xx.c.obj
 .debug_aranges
                0x00000028      0x1d0 cmake/stm32cubemx/CMakeFiles/STM32_Drivers.dir/__/__/Drivers/STM32F1xx_HAL_Driver/Src/stm32f1xx_hal_spi.c.obj
 .debug_aranges
                0x000001f8       0xe0 cmake/stm32cubemx/CMakeFiles/STM32_Drivers.dir/__/__/Drivers/STM32F1xx_HAL_Driver/Src/stm32f1xx_hal.c.obj
 .debug_aranges
                0x000002d8       0x90 cmake/stm32cubemx/CMakeFiles/STM32_Drivers.dir/__/__/Drivers/STM32F1xx_HAL_Driver/Src/stm32f1xx_hal_rcc.c.obj
 .debug_aranges
                0x00000368       0x58 cmake/stm32cubemx/CMakeFiles/STM32_Drivers.dir/__/__/Drivers/STM32F1xx_HAL_Driver/Src/stm32f1xx_hal_gpio.c.obj
 .debug_aranges
                0x000003c0       0x80 cmake/stm32cubemx/CMakeFiles/STM32_Drivers.dir/__/__/Drivers/STM32F1xx_HAL_Driver/Src/stm32f1xx_hal_dma.c.obj
 .debug_aranges
                0x00000440      0x100 cmake/stm32cubemx/CMakeFiles/STM32_Drivers.dir/__/__/Drivers/STM32F1xx_HAL_Driver/Src/stm32f1xx_hal_cortex.c.obj
 .debug_aranges
                0x00000540      0x3d0 cmake/stm32cubemx/CMakeFiles/STM32_Drivers.dir/__/__/Drivers/STM32F1xx_HAL_Driver/Src/stm32f1xx_hal_tim.c.obj
 .debug_aranges
                0x00000910      0x168 cmake/stm32cubemx/CMakeFiles/STM32_Drivers.dir/__/__/Drivers/STM32F1xx_HAL_Driver/Src/stm32f1xx_hal_tim_ex.c.obj
 .debug_aranges
                0x00000a78      0x208 cmake/stm32cubemx/CMakeFiles/STM32_Drivers.dir/__/__/Drivers/STM32F1xx_HAL_Driver/Src/stm32f1xx_hal_uart.c.obj
 .debug_aranges
                0x00000c80       0x38 CMakeFiles/f1_cubemx_test.dir/Core/Src/main.c.obj
 .debug_aranges
                0x00000cb8       0x20 CMakeFiles/f1_cubemx_test.dir/Core/Src/gpio.c.obj
 .debug_aranges
                0x00000cd8       0x20 CMakeFiles/f1_cubemx_test.dir/Core/Src/dma.c.obj
 .debug_aranges
                0x00000cf8       0x30 CMakeFiles/f1_cubemx_test.dir/Core/Src/spi.c.obj
 .debug_aranges
                0x00000d28       0x38 CMakeFiles/f1_cubemx_test.dir/Core/Src/tim.c.obj
 .debug_aranges
                0x00000d60       0x30 CMakeFiles/f1_cubemx_test.dir/Core/Src/usart.c.obj
 .debug_aranges
                0x00000d90       0x70 CMakeFiles/f1_cubemx_test.dir/Core/Src/stm32f1xx_it.c.obj
 .debug_aranges
                0x00000e00       0x20 CMakeFiles/f1_cubemx_test.dir/Core/Src/stm32f1xx_hal_msp.c.obj
 .debug_aranges
                0x00000e20       0x28 CMakeFiles/f1_cubemx_test.dir/startup_stm32f103xb.s.obj
 .debug_aranges
                0x00000e48       0x18 CMakeFiles/f1_cubemx_test.dir/ssd1306/ssd1306_fonts.c.obj
 .debug_aranges
                0x00000e60       0xe8 CMakeFiles/f1_cubemx_test.dir/ssd1306/ssd1306.c.obj
 .debug_aranges
                0x00000f48       0x20 CMakeFiles/f1_cubemx_test.dir/ws2812/ws2812.c.obj

.debug_rnglists
                0x00000000      0xbe7
 .debug_rnglists
                0x00000000       0x1a cmake/stm32cubemx/CMakeFiles/STM32_Drivers.dir/__/__/Core/Src/system_stm32f1xx.c.obj
 .debug_rnglists
                0x0000001a      0x16e cmake/stm32cubemx/CMakeFiles/STM32_Drivers.dir/__/__/Drivers/STM32F1xx_HAL_Driver/Src/stm32f1xx_hal_spi.c.obj
 .debug_rnglists
                0x00000188       0xa3 cmake/stm32cubemx/CMakeFiles/STM32_Drivers.dir/__/__/Drivers/STM32F1xx_HAL_Driver/Src/stm32f1xx_hal.c.obj
 .debug_rnglists
                0x0000022b       0x6c cmake/stm32cubemx/CMakeFiles/STM32_Drivers.dir/__/__/Drivers/STM32F1xx_HAL_Driver/Src/stm32f1xx_hal_rcc.c.obj
 .debug_rnglists
                0x00000297       0x3f cmake/stm32cubemx/CMakeFiles/STM32_Drivers.dir/__/__/Drivers/STM32F1xx_HAL_Driver/Src/stm32f1xx_hal_gpio.c.obj
 .debug_rnglists
                0x000002d6       0x64 cmake/stm32cubemx/CMakeFiles/STM32_Drivers.dir/__/__/Drivers/STM32F1xx_HAL_Driver/Src/stm32f1xx_hal_dma.c.obj
 .debug_rnglists
                0x0000033a       0xbb cmake/stm32cubemx/CMakeFiles/STM32_Drivers.dir/__/__/Drivers/STM32F1xx_HAL_Driver/Src/stm32f1xx_hal_cortex.c.obj
 .debug_rnglists
                0x000003f5      0x31a cmake/stm32cubemx/CMakeFiles/STM32_Drivers.dir/__/__/Drivers/STM32F1xx_HAL_Driver/Src/stm32f1xx_hal_tim.c.obj
 .debug_rnglists
                0x0000070f      0x125 cmake/stm32cubemx/CMakeFiles/STM32_Drivers.dir/__/__/Drivers/STM32F1xx_HAL_Driver/Src/stm32f1xx_hal_tim_ex.c.obj
 .debug_rnglists
                0x00000834      0x1bc cmake/stm32cubemx/CMakeFiles/STM32_Drivers.dir/__/__/Drivers/STM32F1xx_HAL_Driver/Src/stm32f1xx_hal_uart.c.obj
 .debug_rnglists
                0x000009f0       0x28 CMakeFiles/f1_cubemx_test.dir/Core/Src/main.c.obj
 .debug_rnglists
                0x00000a18       0x14 CMakeFiles/f1_cubemx_test.dir/Core/Src/gpio.c.obj
 .debug_rnglists
                0x00000a2c       0x13 CMakeFiles/f1_cubemx_test.dir/Core/Src/dma.c.obj
 .debug_rnglists
                0x00000a3f       0x1f CMakeFiles/f1_cubemx_test.dir/Core/Src/spi.c.obj
 .debug_rnglists
                0x00000a5e       0x27 CMakeFiles/f1_cubemx_test.dir/Core/Src/tim.c.obj
 .debug_rnglists
                0x00000a85       0x20 CMakeFiles/f1_cubemx_test.dir/Core/Src/usart.c.obj
 .debug_rnglists
                0x00000aa5       0x4f CMakeFiles/f1_cubemx_test.dir/Core/Src/stm32f1xx_it.c.obj
 .debug_rnglists
                0x00000af4       0x13 CMakeFiles/f1_cubemx_test.dir/Core/Src/stm32f1xx_hal_msp.c.obj
 .debug_rnglists
                0x00000b07       0x19 CMakeFiles/f1_cubemx_test.dir/startup_stm32f103xb.s.obj
 .debug_rnglists
                0x00000b20       0xb4 CMakeFiles/f1_cubemx_test.dir/ssd1306/ssd1306.c.obj
 .debug_rnglists
                0x00000bd4       0x13 CMakeFiles/f1_cubemx_test.dir/ws2812/ws2812.c.obj

.debug_macro    0x00000000    0x18b9b
 .debug_macro   0x00000000      0x1ad cmake/stm32cubemx/CMakeFiles/STM32_Drivers.dir/__/__/Core/Src/system_stm32f1xx.c.obj
 .debug_macro   0x000001ad      0xacc cmake/stm32cubemx/CMakeFiles/STM32_Drivers.dir/__/__/Core/Src/system_stm32f1xx.c.obj
 .debug_macro   0x00000c79       0x2e cmake/stm32cubemx/CMakeFiles/STM32_Drivers.dir/__/__/Core/Src/system_stm32f1xx.c.obj
 .debug_macro   0x00000ca7       0x22 cmake/stm32cubemx/CMakeFiles/STM32_Drivers.dir/__/__/Core/Src/system_stm32f1xx.c.obj
 .debug_macro   0x00000cc9       0x22 cmake/stm32cubemx/CMakeFiles/STM32_Drivers.dir/__/__/Core/Src/system_stm32f1xx.c.obj
 .debug_macro   0x00000ceb       0x8e cmake/stm32cubemx/CMakeFiles/STM32_Drivers.dir/__/__/Core/Src/system_stm32f1xx.c.obj
 .debug_macro   0x00000d79       0x51 cmake/stm32cubemx/CMakeFiles/STM32_Drivers.dir/__/__/Core/Src/system_stm32f1xx.c.obj
 .debug_macro   0x00000dca      0x103 cmake/stm32cubemx/CMakeFiles/STM32_Drivers.dir/__/__/Core/Src/system_stm32f1xx.c.obj
 .debug_macro   0x00000ecd       0x6a cmake/stm32cubemx/CMakeFiles/STM32_Drivers.dir/__/__/Core/Src/system_stm32f1xx.c.obj
 .debug_macro   0x00000f37      0x1df cmake/stm32cubemx/CMakeFiles/STM32_Drivers.dir/__/__/Core/Src/system_stm32f1xx.c.obj
 .debug_macro   0x00001116       0x1c cmake/stm32cubemx/CMakeFiles/STM32_Drivers.dir/__/__/Core/Src/system_stm32f1xx.c.obj
 .debug_macro   0x00001132       0x22 cmake/stm32cubemx/CMakeFiles/STM32_Drivers.dir/__/__/Core/Src/system_stm32f1xx.c.obj
 .debug_macro   0x00001154       0xbd cmake/stm32cubemx/CMakeFiles/STM32_Drivers.dir/__/__/Core/Src/system_stm32f1xx.c.obj
 .debug_macro   0x00001211      0xd23 cmake/stm32cubemx/CMakeFiles/STM32_Drivers.dir/__/__/Core/Src/system_stm32f1xx.c.obj
 .debug_macro   0x00001f34     0xe09e cmake/stm32cubemx/CMakeFiles/STM32_Drivers.dir/__/__/Core/Src/system_stm32f1xx.c.obj
 .debug_macro   0x0000ffd2       0x6d cmake/stm32cubemx/CMakeFiles/STM32_Drivers.dir/__/__/Core/Src/system_stm32f1xx.c.obj
 .debug_macro   0x0001003f      0x227 cmake/stm32cubemx/CMakeFiles/STM32_Drivers.dir/__/__/Core/Src/system_stm32f1xx.c.obj
 .debug_macro   0x00010266     0x34a2 cmake/stm32cubemx/CMakeFiles/STM32_Drivers.dir/__/__/Core/Src/system_stm32f1xx.c.obj
 .debug_macro   0x00013708      0x190 cmake/stm32cubemx/CMakeFiles/STM32_Drivers.dir/__/__/Core/Src/system_stm32f1xx.c.obj
 .debug_macro   0x00013898       0x5c cmake/stm32cubemx/CMakeFiles/STM32_Drivers.dir/__/__/Core/Src/system_stm32f1xx.c.obj
 .debug_macro   0x000138f4      0x5bc cmake/stm32cubemx/CMakeFiles/STM32_Drivers.dir/__/__/Core/Src/system_stm32f1xx.c.obj
 .debug_macro   0x00013eb0      0x289 cmake/stm32cubemx/CMakeFiles/STM32_Drivers.dir/__/__/Core/Src/system_stm32f1xx.c.obj
 .debug_macro   0x00014139      0x1cb cmake/stm32cubemx/CMakeFiles/STM32_Drivers.dir/__/__/Core/Src/system_stm32f1xx.c.obj
 .debug_macro   0x00014304      0x114 cmake/stm32cubemx/CMakeFiles/STM32_Drivers.dir/__/__/Core/Src/system_stm32f1xx.c.obj
 .debug_macro   0x00014418      0x1b2 cmake/stm32cubemx/CMakeFiles/STM32_Drivers.dir/__/__/Core/Src/system_stm32f1xx.c.obj
 .debug_macro   0x000145ca       0x27 cmake/stm32cubemx/CMakeFiles/STM32_Drivers.dir/__/__/Core/Src/system_stm32f1xx.c.obj
 .debug_macro   0x000145f1      0x136 cmake/stm32cubemx/CMakeFiles/STM32_Drivers.dir/__/__/Core/Src/system_stm32f1xx.c.obj
 .debug_macro   0x00014727      0x1bc cmake/stm32cubemx/CMakeFiles/STM32_Drivers.dir/__/__/Core/Src/system_stm32f1xx.c.obj
 .debug_macro   0x000148e3       0x34 cmake/stm32cubemx/CMakeFiles/STM32_Drivers.dir/__/__/Core/Src/system_stm32f1xx.c.obj
 .debug_macro   0x00014917       0x3c cmake/stm32cubemx/CMakeFiles/STM32_Drivers.dir/__/__/Core/Src/system_stm32f1xx.c.obj
 .debug_macro   0x00014953       0x57 cmake/stm32cubemx/CMakeFiles/STM32_Drivers.dir/__/__/Core/Src/system_stm32f1xx.c.obj
 .debug_macro   0x000149aa       0x87 cmake/stm32cubemx/CMakeFiles/STM32_Drivers.dir/__/__/Core/Src/system_stm32f1xx.c.obj
 .debug_macro   0x00014a31      0x240 cmake/stm32cubemx/CMakeFiles/STM32_Drivers.dir/__/__/Core/Src/system_stm32f1xx.c.obj
 .debug_macro   0x00014c71      0x140 cmake/stm32cubemx/CMakeFiles/STM32_Drivers.dir/__/__/Core/Src/system_stm32f1xx.c.obj
 .debug_macro   0x00014db1      0x217 cmake/stm32cubemx/CMakeFiles/STM32_Drivers.dir/__/__/Core/Src/system_stm32f1xx.c.obj
 .debug_macro   0x00014fc8      0x8ed cmake/stm32cubemx/CMakeFiles/STM32_Drivers.dir/__/__/Core/Src/system_stm32f1xx.c.obj
 .debug_macro   0x000158b5      0x28e cmake/stm32cubemx/CMakeFiles/STM32_Drivers.dir/__/__/Core/Src/system_stm32f1xx.c.obj
 .debug_macro   0x00015b43       0x83 cmake/stm32cubemx/CMakeFiles/STM32_Drivers.dir/__/__/Core/Src/system_stm32f1xx.c.obj
 .debug_macro   0x00015bc6      0x1b5 cmake/stm32cubemx/CMakeFiles/STM32_Drivers.dir/__/__/Drivers/STM32F1xx_HAL_Driver/Src/stm32f1xx_hal_spi.c.obj
 .debug_macro   0x00015d7b      0x1d1 cmake/stm32cubemx/CMakeFiles/STM32_Drivers.dir/__/__/Drivers/STM32F1xx_HAL_Driver/Src/stm32f1xx_hal.c.obj
 .debug_macro   0x00015f4c      0x1bf cmake/stm32cubemx/CMakeFiles/STM32_Drivers.dir/__/__/Drivers/STM32F1xx_HAL_Driver/Src/stm32f1xx_hal_rcc.c.obj
 .debug_macro   0x0001610b      0x218 cmake/stm32cubemx/CMakeFiles/STM32_Drivers.dir/__/__/Drivers/STM32F1xx_HAL_Driver/Src/stm32f1xx_hal_gpio.c.obj
 .debug_macro   0x00016323      0x1ad cmake/stm32cubemx/CMakeFiles/STM32_Drivers.dir/__/__/Drivers/STM32F1xx_HAL_Driver/Src/stm32f1xx_hal_dma.c.obj
 .debug_macro   0x000164d0      0x1ad cmake/stm32cubemx/CMakeFiles/STM32_Drivers.dir/__/__/Drivers/STM32F1xx_HAL_Driver/Src/stm32f1xx_hal_cortex.c.obj
 .debug_macro   0x0001667d      0x1ae cmake/stm32cubemx/CMakeFiles/STM32_Drivers.dir/__/__/Drivers/STM32F1xx_HAL_Driver/Src/stm32f1xx_hal_tim.c.obj
 .debug_macro   0x0001682b      0x1ad cmake/stm32cubemx/CMakeFiles/STM32_Drivers.dir/__/__/Drivers/STM32F1xx_HAL_Driver/Src/stm32f1xx_hal_tim_ex.c.obj
 .debug_macro   0x000169d8      0x1ae cmake/stm32cubemx/CMakeFiles/STM32_Drivers.dir/__/__/Drivers/STM32F1xx_HAL_Driver/Src/stm32f1xx_hal_uart.c.obj
 .debug_macro   0x00016b86      0x2cb CMakeFiles/f1_cubemx_test.dir/Core/Src/main.c.obj
 .debug_macro   0x00016e51       0x70 CMakeFiles/f1_cubemx_test.dir/Core/Src/main.c.obj
 .debug_macro   0x00016ec1       0x7b CMakeFiles/f1_cubemx_test.dir/Core/Src/main.c.obj
 .debug_macro   0x00016f3c       0x24 CMakeFiles/f1_cubemx_test.dir/Core/Src/main.c.obj
 .debug_macro   0x00016f60       0x3c CMakeFiles/f1_cubemx_test.dir/Core/Src/main.c.obj
 .debug_macro   0x00016f9c       0x34 CMakeFiles/f1_cubemx_test.dir/Core/Src/main.c.obj
 .debug_macro   0x00016fd0      0x364 CMakeFiles/f1_cubemx_test.dir/Core/Src/main.c.obj
 .debug_macro   0x00017334       0x16 CMakeFiles/f1_cubemx_test.dir/Core/Src/main.c.obj
 .debug_macro   0x0001734a       0x4a CMakeFiles/f1_cubemx_test.dir/Core/Src/main.c.obj
 .debug_macro   0x00017394       0x34 CMakeFiles/f1_cubemx_test.dir/Core/Src/main.c.obj
 .debug_macro   0x000173c8       0x10 CMakeFiles/f1_cubemx_test.dir/Core/Src/main.c.obj
 .debug_macro   0x000173d8       0x58 CMakeFiles/f1_cubemx_test.dir/Core/Src/main.c.obj
 .debug_macro   0x00017430      0x1e5 CMakeFiles/f1_cubemx_test.dir/Core/Src/main.c.obj
 .debug_macro   0x00017615      0x19b CMakeFiles/f1_cubemx_test.dir/Core/Src/main.c.obj
 .debug_macro   0x000177b0       0x76 CMakeFiles/f1_cubemx_test.dir/Core/Src/main.c.obj
 .debug_macro   0x00017826       0x22 CMakeFiles/f1_cubemx_test.dir/Core/Src/main.c.obj
 .debug_macro   0x00017848       0x12 CMakeFiles/f1_cubemx_test.dir/Core/Src/main.c.obj
 .debug_macro   0x0001785a      0x1c6 CMakeFiles/f1_cubemx_test.dir/Core/Src/gpio.c.obj
 .debug_macro   0x00017a20      0x1c6 CMakeFiles/f1_cubemx_test.dir/Core/Src/dma.c.obj
 .debug_macro   0x00017be6      0x1c6 CMakeFiles/f1_cubemx_test.dir/Core/Src/spi.c.obj
 .debug_macro   0x00017dac      0x1c6 CMakeFiles/f1_cubemx_test.dir/Core/Src/tim.c.obj
 .debug_macro   0x00017f72      0x1c6 CMakeFiles/f1_cubemx_test.dir/Core/Src/usart.c.obj
 .debug_macro   0x00018138      0x1c6 CMakeFiles/f1_cubemx_test.dir/Core/Src/stm32f1xx_it.c.obj
 .debug_macro   0x000182fe      0x1bc CMakeFiles/f1_cubemx_test.dir/Core/Src/stm32f1xx_hal_msp.c.obj
 .debug_macro   0x000184ba      0x212 CMakeFiles/f1_cubemx_test.dir/ssd1306/ssd1306_fonts.c.obj
 .debug_macro   0x000186cc      0x2d3 CMakeFiles/f1_cubemx_test.dir/ssd1306/ssd1306.c.obj
 .debug_macro   0x0001899f       0x16 CMakeFiles/f1_cubemx_test.dir/ssd1306/ssd1306.c.obj
 .debug_macro   0x000189b5      0x1e6 CMakeFiles/f1_cubemx_test.dir/ws2812/ws2812.c.obj

.debug_line     0x00000000    0x11a99
 .debug_line    0x00000000      0x699 cmake/stm32cubemx/CMakeFiles/STM32_Drivers.dir/__/__/Core/Src/system_stm32f1xx.c.obj
 .debug_line    0x00000699     0x1b61 cmake/stm32cubemx/CMakeFiles/STM32_Drivers.dir/__/__/Drivers/STM32F1xx_HAL_Driver/Src/stm32f1xx_hal_spi.c.obj
 .debug_line    0x000021fa      0x8ca cmake/stm32cubemx/CMakeFiles/STM32_Drivers.dir/__/__/Drivers/STM32F1xx_HAL_Driver/Src/stm32f1xx_hal.c.obj
 .debug_line    0x00002ac4      0xd83 cmake/stm32cubemx/CMakeFiles/STM32_Drivers.dir/__/__/Drivers/STM32F1xx_HAL_Driver/Src/stm32f1xx_hal_rcc.c.obj
 .debug_line    0x00003847      0x927 cmake/stm32cubemx/CMakeFiles/STM32_Drivers.dir/__/__/Drivers/STM32F1xx_HAL_Driver/Src/stm32f1xx_hal_gpio.c.obj
 .debug_line    0x0000416e      0xcd4 cmake/stm32cubemx/CMakeFiles/STM32_Drivers.dir/__/__/Drivers/STM32F1xx_HAL_Driver/Src/stm32f1xx_hal_dma.c.obj
 .debug_line    0x00004e42      0xa94 cmake/stm32cubemx/CMakeFiles/STM32_Drivers.dir/__/__/Drivers/STM32F1xx_HAL_Driver/Src/stm32f1xx_hal_cortex.c.obj
 .debug_line    0x000058d6     0x33b8 cmake/stm32cubemx/CMakeFiles/STM32_Drivers.dir/__/__/Drivers/STM32F1xx_HAL_Driver/Src/stm32f1xx_hal_tim.c.obj
 .debug_line    0x00008c8e     0x178e cmake/stm32cubemx/CMakeFiles/STM32_Drivers.dir/__/__/Drivers/STM32F1xx_HAL_Driver/Src/stm32f1xx_hal_tim_ex.c.obj
 .debug_line    0x0000a41c     0x23e6 cmake/stm32cubemx/CMakeFiles/STM32_Drivers.dir/__/__/Drivers/STM32F1xx_HAL_Driver/Src/stm32f1xx_hal_uart.c.obj
 .debug_line    0x0000c802      0x82f CMakeFiles/f1_cubemx_test.dir/Core/Src/main.c.obj
 .debug_line    0x0000d031      0x642 CMakeFiles/f1_cubemx_test.dir/Core/Src/gpio.c.obj
 .debug_line    0x0000d673      0x618 CMakeFiles/f1_cubemx_test.dir/Core/Src/dma.c.obj
 .debug_line    0x0000dc8b      0x68c CMakeFiles/f1_cubemx_test.dir/Core/Src/spi.c.obj
 .debug_line    0x0000e317      0x722 CMakeFiles/f1_cubemx_test.dir/Core/Src/tim.c.obj
 .debug_line    0x0000ea39      0x68e CMakeFiles/f1_cubemx_test.dir/Core/Src/usart.c.obj
 .debug_line    0x0000f0c7      0x6f9 CMakeFiles/f1_cubemx_test.dir/Core/Src/stm32f1xx_it.c.obj
 .debug_line    0x0000f7c0      0x61b CMakeFiles/f1_cubemx_test.dir/Core/Src/stm32f1xx_hal_msp.c.obj
 .debug_line    0x0000fddb       0x78 CMakeFiles/f1_cubemx_test.dir/startup_stm32f103xb.s.obj
 .debug_line    0x0000fe53      0x65e CMakeFiles/f1_cubemx_test.dir/ssd1306/ssd1306_fonts.c.obj
 .debug_line    0x000104b1      0xfc4 CMakeFiles/f1_cubemx_test.dir/ssd1306/ssd1306.c.obj
 .debug_line    0x00011475      0x624 CMakeFiles/f1_cubemx_test.dir/ws2812/ws2812.c.obj

.debug_str      0x00000000    0x8c68c
 .debug_str     0x00000000    0x8c68c cmake/stm32cubemx/CMakeFiles/STM32_Drivers.dir/__/__/Core/Src/system_stm32f1xx.c.obj
                              0x84bcd (size before relaxing)
 .debug_str     0x0008c68c    0x854f3 cmake/stm32cubemx/CMakeFiles/STM32_Drivers.dir/__/__/Drivers/STM32F1xx_HAL_Driver/Src/stm32f1xx_hal_spi.c.obj
 .debug_str     0x0008c68c    0x85300 cmake/stm32cubemx/CMakeFiles/STM32_Drivers.dir/__/__/Drivers/STM32F1xx_HAL_Driver/Src/stm32f1xx_hal.c.obj
 .debug_str     0x0008c68c    0x84ffc cmake/stm32cubemx/CMakeFiles/STM32_Drivers.dir/__/__/Drivers/STM32F1xx_HAL_Driver/Src/stm32f1xx_hal_rcc.c.obj
 .debug_str     0x0008c68c    0x84f53 cmake/stm32cubemx/CMakeFiles/STM32_Drivers.dir/__/__/Drivers/STM32F1xx_HAL_Driver/Src/stm32f1xx_hal_gpio.c.obj
 .debug_str     0x0008c68c    0x84f76 cmake/stm32cubemx/CMakeFiles/STM32_Drivers.dir/__/__/Drivers/STM32F1xx_HAL_Driver/Src/stm32f1xx_hal_dma.c.obj
 .debug_str     0x0008c68c    0x8524c cmake/stm32cubemx/CMakeFiles/STM32_Drivers.dir/__/__/Drivers/STM32F1xx_HAL_Driver/Src/stm32f1xx_hal_cortex.c.obj
 .debug_str     0x0008c68c    0x85ffe cmake/stm32cubemx/CMakeFiles/STM32_Drivers.dir/__/__/Drivers/STM32F1xx_HAL_Driver/Src/stm32f1xx_hal_tim.c.obj
 .debug_str     0x0008c68c    0x8580a cmake/stm32cubemx/CMakeFiles/STM32_Drivers.dir/__/__/Drivers/STM32F1xx_HAL_Driver/Src/stm32f1xx_hal_tim_ex.c.obj
 .debug_str     0x0008c68c    0x8566d cmake/stm32cubemx/CMakeFiles/STM32_Drivers.dir/__/__/Drivers/STM32F1xx_HAL_Driver/Src/stm32f1xx_hal_uart.c.obj
 .debug_str     0x0008c68c    0x88737 CMakeFiles/f1_cubemx_test.dir/Core/Src/main.c.obj
 .debug_str     0x0008c68c    0x84dab CMakeFiles/f1_cubemx_test.dir/Core/Src/gpio.c.obj
 .debug_str     0x0008c68c    0x85009 CMakeFiles/f1_cubemx_test.dir/Core/Src/dma.c.obj
 .debug_str     0x0008c68c    0x851bc CMakeFiles/f1_cubemx_test.dir/Core/Src/spi.c.obj
 .debug_str     0x0008c68c    0x853f9 CMakeFiles/f1_cubemx_test.dir/Core/Src/tim.c.obj
 .debug_str     0x0008c68c    0x851f3 CMakeFiles/f1_cubemx_test.dir/Core/Src/usart.c.obj
 .debug_str     0x0008c68c    0x84f97 CMakeFiles/f1_cubemx_test.dir/Core/Src/stm32f1xx_it.c.obj
 .debug_str     0x0008c68c    0x84d33 CMakeFiles/f1_cubemx_test.dir/Core/Src/stm32f1xx_hal_msp.c.obj
 .debug_str     0x0008c68c       0x84 CMakeFiles/f1_cubemx_test.dir/startup_stm32f103xb.s.obj
 .debug_str     0x0008c68c    0x853a4 CMakeFiles/f1_cubemx_test.dir/ssd1306/ssd1306_fonts.c.obj
 .debug_str     0x0008c68c    0x88c78 CMakeFiles/f1_cubemx_test.dir/ssd1306/ssd1306.c.obj
 .debug_str     0x0008c68c    0x85215 CMakeFiles/f1_cubemx_test.dir/ws2812/ws2812.c.obj

.debug_line_str
                0x00000000      0x13f
 .debug_line_str
                0x00000000      0x13f CMakeFiles/f1_cubemx_test.dir/startup_stm32f103xb.s.obj
                                 0x68 (size before relaxing)
 .debug_line_str
                0x0000013f       0xca C:/Toolchain/arm-gnu-toolchain-14.2.rel1-mingw-w64-i686-arm-none-eabi/bin/../lib/gcc/arm-none-eabi/14.2.1/thumb/v7-m/nofp\libgcc.a(_arm_addsubdf3.o)
 .debug_line_str
                0x0000013f       0xca C:/Toolchain/arm-gnu-toolchain-14.2.rel1-mingw-w64-i686-arm-none-eabi/bin/../lib/gcc/arm-none-eabi/14.2.1/thumb/v7-m/nofp\libgcc.a(_arm_truncdfsf2.o)
 .debug_line_str
                0x0000013f       0xca C:/Toolchain/arm-gnu-toolchain-14.2.rel1-mingw-w64-i686-arm-none-eabi/bin/../lib/gcc/arm-none-eabi/14.2.1/thumb/v7-m/nofp\libgcc.a(_arm_addsubsf3.o)
 .debug_line_str
                0x0000013f       0xca C:/Toolchain/arm-gnu-toolchain-14.2.rel1-mingw-w64-i686-arm-none-eabi/bin/../lib/gcc/arm-none-eabi/14.2.1/thumb/v7-m/nofp\libgcc.a(_arm_muldivsf3.o)
 .debug_line_str
                0x0000013f       0xca C:/Toolchain/arm-gnu-toolchain-14.2.rel1-mingw-w64-i686-arm-none-eabi/bin/../lib/gcc/arm-none-eabi/14.2.1/thumb/v7-m/nofp\libgcc.a(_arm_cmpsf2.o)
